Archive member included because of file (symbol)

d:/marko/freescale/kds_3.0.0/toolchain/bin/../lib/gcc/arm-none-eabi/4.8.4/armv7e-m/fpu\libgcc.a(_aeabi_uldivmod.o)
                              ./Generated_Code/osa1.o (__aeabi_uldivmod)
d:/marko/freescale/kds_3.0.0/toolchain/bin/../lib/gcc/arm-none-eabi/4.8.4/armv7e-m/fpu\libgcc.a(bpabi.o)
                              d:/marko/freescale/kds_3.0.0/toolchain/bin/../lib/gcc/arm-none-eabi/4.8.4/armv7e-m/fpu\libgcc.a(_aeabi_uldivmod.o) (__gnu_uldivmod_helper)
d:/marko/freescale/kds_3.0.0/toolchain/bin/../lib/gcc/arm-none-eabi/4.8.4/armv7e-m/fpu\libgcc.a(_dvmd_tls.o)
                              d:/marko/freescale/kds_3.0.0/toolchain/bin/../lib/gcc/arm-none-eabi/4.8.4/armv7e-m/fpu\libgcc.a(_aeabi_uldivmod.o) (__aeabi_ldiv0)
d:/marko/freescale/kds_3.0.0/toolchain/bin/../lib/gcc/arm-none-eabi/4.8.4/armv7e-m/fpu\libgcc.a(_divdi3.o)
                              d:/marko/freescale/kds_3.0.0/toolchain/bin/../lib/gcc/arm-none-eabi/4.8.4/armv7e-m/fpu\libgcc.a(bpabi.o) (__divdi3)
d:/marko/freescale/kds_3.0.0/toolchain/bin/../lib/gcc/arm-none-eabi/4.8.4/armv7e-m/fpu\libgcc.a(_udivdi3.o)
                              d:/marko/freescale/kds_3.0.0/toolchain/bin/../lib/gcc/arm-none-eabi/4.8.4/armv7e-m/fpu\libgcc.a(bpabi.o) (__udivdi3)
d:/marko/freescale/kds_3.0.0/toolchain/bin/../lib/gcc/arm-none-eabi/4.8.4/../../../../arm-none-eabi/lib/armv7e-m/fpu\libg_s.a(lib_a-assert.o)
                              ./SDK/platform/system/src/power/fsl_power_manager.o (__assert_func)
d:/marko/freescale/kds_3.0.0/toolchain/bin/../lib/gcc/arm-none-eabi/4.8.4/../../../../arm-none-eabi/lib/armv7e-m/fpu\libg_s.a(lib_a-calloc.o)
                              ./SDK/platform/osa/src/fsl_os_abstraction_bm.o (calloc)
d:/marko/freescale/kds_3.0.0/toolchain/bin/../lib/gcc/arm-none-eabi/4.8.4/../../../../arm-none-eabi/lib/armv7e-m/fpu\libg_s.a(lib_a-exit.o)
                              d:/marko/freescale/kds_3.0.0/toolchain/bin/../lib/gcc/arm-none-eabi/4.8.4/../../../../arm-none-eabi/lib/armv7e-m/fpu/crt0.o (exit)
d:/marko/freescale/kds_3.0.0/toolchain/bin/../lib/gcc/arm-none-eabi/4.8.4/../../../../arm-none-eabi/lib/armv7e-m/fpu\libg_s.a(lib_a-fprintf.o)
                              d:/marko/freescale/kds_3.0.0/toolchain/bin/../lib/gcc/arm-none-eabi/4.8.4/../../../../arm-none-eabi/lib/armv7e-m/fpu\libg_s.a(lib_a-assert.o) (fiprintf)
d:/marko/freescale/kds_3.0.0/toolchain/bin/../lib/gcc/arm-none-eabi/4.8.4/../../../../arm-none-eabi/lib/armv7e-m/fpu\libg_s.a(lib_a-impure.o)
                              d:/marko/freescale/kds_3.0.0/toolchain/bin/../lib/gcc/arm-none-eabi/4.8.4/../../../../arm-none-eabi/lib/armv7e-m/fpu\libg_s.a(lib_a-exit.o) (_global_impure_ptr)
d:/marko/freescale/kds_3.0.0/toolchain/bin/../lib/gcc/arm-none-eabi/4.8.4/../../../../arm-none-eabi/lib/armv7e-m/fpu\libg_s.a(lib_a-init.o)
                              d:/marko/freescale/kds_3.0.0/toolchain/bin/../lib/gcc/arm-none-eabi/4.8.4/../../../../arm-none-eabi/lib/armv7e-m/fpu/crt0.o (__libc_init_array)
d:/marko/freescale/kds_3.0.0/toolchain/bin/../lib/gcc/arm-none-eabi/4.8.4/../../../../arm-none-eabi/lib/armv7e-m/fpu\libg_s.a(lib_a-malloc.o)
                              ./drivers/OLED/src/OLED_driver.o (malloc)
d:/marko/freescale/kds_3.0.0/toolchain/bin/../lib/gcc/arm-none-eabi/4.8.4/../../../../arm-none-eabi/lib/armv7e-m/fpu\libg_s.a(lib_a-memcpy-stub.o)
                              ./drivers/SPI/src/generic_spi_driver.o (memcpy)
d:/marko/freescale/kds_3.0.0/toolchain/bin/../lib/gcc/arm-none-eabi/4.8.4/../../../../arm-none-eabi/lib/armv7e-m/fpu\libg_s.a(lib_a-memset.o)
                              d:/marko/freescale/kds_3.0.0/toolchain/bin/../lib/gcc/arm-none-eabi/4.8.4/../../../../arm-none-eabi/lib/armv7e-m/fpu/crt0.o (memset)
d:/marko/freescale/kds_3.0.0/toolchain/bin/../lib/gcc/arm-none-eabi/4.8.4/../../../../arm-none-eabi/lib/armv7e-m/fpu\libg_s.a(lib_a-nano-callocr.o)
                              d:/marko/freescale/kds_3.0.0/toolchain/bin/../lib/gcc/arm-none-eabi/4.8.4/../../../../arm-none-eabi/lib/armv7e-m/fpu\libg_s.a(lib_a-calloc.o) (_calloc_r)
d:/marko/freescale/kds_3.0.0/toolchain/bin/../lib/gcc/arm-none-eabi/4.8.4/../../../../arm-none-eabi/lib/armv7e-m/fpu\libg_s.a(lib_a-nano-freer.o)
                              d:/marko/freescale/kds_3.0.0/toolchain/bin/../lib/gcc/arm-none-eabi/4.8.4/../../../../arm-none-eabi/lib/armv7e-m/fpu\libg_s.a(lib_a-malloc.o) (_free_r)
d:/marko/freescale/kds_3.0.0/toolchain/bin/../lib/gcc/arm-none-eabi/4.8.4/../../../../arm-none-eabi/lib/armv7e-m/fpu\libg_s.a(lib_a-nano-mallocr.o)
                              d:/marko/freescale/kds_3.0.0/toolchain/bin/../lib/gcc/arm-none-eabi/4.8.4/../../../../arm-none-eabi/lib/armv7e-m/fpu\libg_s.a(lib_a-malloc.o) (_malloc_r)
d:/marko/freescale/kds_3.0.0/toolchain/bin/../lib/gcc/arm-none-eabi/4.8.4/../../../../arm-none-eabi/lib/armv7e-m/fpu\libg_s.a(lib_a-sbrkr.o)
[...]
Memory Configuration

Name             Origin             Length             Attributes
m_interrupts     0x00000000         0x00000400         xr
m_flash_config   0x00000400         0x00000010         xr
m_interrupts_ram 0x1fff0000         0x00000400         rw
m_text           0x00000410         0x000ffbf0         xr
m_data           0x1fff0400         0x0000fc00         rw
m_data_2         0x20000000         0x00030000         rw
*default*        0x00000000         0xffffffff

Linker script and memory map

LOAD d:/marko/freescale/kds_3.0.0/toolchain/bin/../lib/gcc/arm-none-eabi/4.8.4/armv7e-m/fpu/crti.o
LOAD d:/marko/freescale/kds_3.0.0/toolchain/bin/../lib/gcc/arm-none-eabi/4.8.4/armv7e-m/fpu/crtbegin.o
LOAD d:/marko/freescale/kds_3.0.0/toolchain/bin/../lib/gcc/arm-none-eabi/4.8.4/../../../../arm-none-eabi/lib/armv7e-m/fpu/crt0.o
LOAD ./menu/src/menu_driver.o
LOAD ./menu/src/menu_resources.o
LOAD ./menu/src/menu_screens.o
LOAD ./exceptions/src/error.o
LOAD ./drivers/power/src/power_driver.o
LOAD ./drivers/SPI/src/generic_spi_driver.o
LOAD ./drivers/OLED/src/OLED_defs.o
LOAD ./drivers/OLED/src/OLED_driver.o
LOAD ./drivers/FLASH/src/FLASH_defs.o
LOAD ./drivers/FLASH/src/FLASH_driver.o
LOAD ./Static_Code/System/PE_low_level_init.o
LOAD ./Sources/Events.o
LOAD ./Sources/main.o
LOAD ./SDK/platform/system/src/power/fsl_power_manager.o
LOAD ./SDK/platform/system/src/interrupt/fsl_interrupt_manager.o
LOAD ./SDK/platform/system/src/clock/MK64F12/fsl_clock_MK64F12.o
LOAD ./SDK/platform/system/src/clock/fsl_clock_manager.o
LOAD ./SDK/platform/system/src/clock/fsl_clock_manager_common.o
LOAD ./SDK/platform/osa/src/fsl_os_abstraction_bm.o
LOAD ./SDK/platform/hal/src/smc/fsl_smc_hal.o
LOAD ./SDK/platform/hal/src/sim/MK64F12/fsl_sim_hal_MK64F12.o
LOAD ./SDK/platform/hal/src/rtc/fsl_rtc_hal.o
LOAD ./SDK/platform/hal/src/rcm/fsl_rcm_hal.o
LOAD ./SDK/platform/hal/src/port/fsl_port_hal.o
LOAD ./SDK/platform/hal/src/osc/fsl_osc_hal.o
LOAD ./SDK/platform/hal/src/mcg/fsl_mcg_hal.o
LOAD ./SDK/platform/hal/src/mcg/fsl_mcg_hal_modes.o
LOAD ./SDK/platform/hal/src/llwu/fsl_llwu_hal.o
LOAD ./SDK/platform/hal/src/gpio/fsl_gpio_hal.o
LOAD ./SDK/platform/hal/src/edma/fsl_edma_hal.o
LOAD ./SDK/platform/hal/src/dspi/fsl_dspi_hal.o
LOAD ./SDK/platform/hal/src/dmamux/fsl_dmamux_hal.o
LOAD ./SDK/platform/drivers/src/rtc/fsl_rtc_common.o
LOAD ./SDK/platform/drivers/src/gpio/fsl_gpio_common.o
LOAD ./SDK/platform/drivers/src/gpio/fsl_gpio_driver.o
LOAD ./SDK/platform/drivers/src/edma/fsl_edma_common.o
LOAD ./SDK/platform/drivers/src/edma/fsl_edma_driver.o
LOAD ./SDK/platform/drivers/src/dspi/fsl_dspi_common.o
LOAD ./SDK/platform/drivers/src/dspi/fsl_dspi_edma_master_driver.o
LOAD ./SDK/platform/drivers/src/dspi/fsl_dspi_edma_shared_function.o
LOAD ./SDK/platform/drivers/src/dspi/fsl_dspi_edma_slave_driver.o
LOAD ./SDK/platform/devices/MK64F12/startup/gcc/startup_MK64F12.o
LOAD ./SDK/platform/devices/MK64F12/startup/system_MK64F12.o
LOAD ./SDK/platform/devices/startup.o
LOAD ./Generated_Code/Cpu.o
LOAD ./Generated_Code/FLASH_SPI.o
LOAD ./Generated_Code/GPIO.o
LOAD ./Generated_Code/OLED_SPI.o
LOAD ./Generated_Code/PWR_Manager.o
LOAD ./Generated_Code/clkManager.o
LOAD ./Generated_Code/dmaController1.o
LOAD ./Generated_Code/hardware_init.o
LOAD ./Generated_Code/osa1.o
LOAD ./Generated_Code/pin_mux.o
LOAD d:/marko/freescale/kds_3.0.0/toolchain/bin/../lib/gcc/arm-none-eabi/4.8.4/../../../../arm-none-eabi/lib/armv7e-m/fpu\libstdc++_s.a
LOAD d:/marko/freescale/kds_3.0.0/toolchain/bin/../lib/gcc/arm-none-eabi/4.8.4/../../../../arm-none-eabi/lib/armv7e-m/fpu\libm.a
START GROUP
LOAD d:/marko/freescale/kds_3.0.0/toolchain/bin/../lib/gcc/arm-none-eabi/4.8.4/armv7e-m/fpu\libgcc.a
LOAD d:/marko/freescale/kds_3.0.0/toolchain/bin/../lib/gcc/arm-none-eabi/4.8.4/../../../../arm-none-eabi/lib/armv7e-m/fpu\libg_s.a
LOAD d:/marko/freescale/kds_3.0.0/toolchain/bin/../lib/gcc/arm-none-eabi/4.8.4/../../../../arm-none-eabi/lib/armv7e-m/fpu\libc_s.a
END GROUP
START GROUP
LOAD d:/marko/freescale/kds_3.0.0/toolchain/bin/../lib/gcc/arm-none-eabi/4.8.4/armv7e-m/fpu\libgcc.a
LOAD d:/marko/freescale/kds_3.0.0/toolchain/bin/../lib/gcc/arm-none-eabi/4.8.4/../../../../arm-none-eabi/lib/armv7e-m/fpu\libc_s.a
LOAD d:/marko/freescale/kds_3.0.0/toolchain/bin/../lib/gcc/arm-none-eabi/4.8.4/../../../../arm-none-eabi/lib/armv7e-m/fpu\libnosys.a
END GROUP
START GROUP
LOAD d:/marko/freescale/kds_3.0.0/toolchain/bin/../lib/gcc/arm-none-eabi/4.8.4/armv7e-m/fpu\libgcc.a
LOAD d:/marko/freescale/kds_3.0.0/toolchain/bin/../lib/gcc/arm-none-eabi/4.8.4/../../../../arm-none-eabi/lib/armv7e-m/fpu\libc_s.a
LOAD d:/marko/freescale/kds_3.0.0/toolchain/bin/../lib/gcc/arm-none-eabi/4.8.4/../../../../arm-none-eabi/lib/armv7e-m/fpu\libnosys.a
END GROUP
LOAD d:/marko/freescale/kds_3.0.0/toolchain/bin/../lib/gcc/arm-none-eabi/4.8.4/armv7e-m/fpu/crtend.o
LOAD d:/marko/freescale/kds_3.0.0/toolchain/bin/../lib/gcc/arm-none-eabi/4.8.4/armv7e-m/fpu/crtn.o
                0x00000000                HEAP_SIZE = DEFINED (__heap_size__)?__heap_size__:0x0
                0x00000400                STACK_SIZE = DEFINED (__stack_size__)?__stack_size__:0x400

.interrupts     0x00000000      0x400
                0x00000000                __VECTOR_TABLE = .
                0x00000000                . = ALIGN (0x4)
 *(.isr_vector)
 .isr_vector    0x00000000      0x400 ./SDK/platform/devices/MK64F12/startup/gcc/startup_MK64F12.o
                0x00000000                __isr_vector
                0x00000400                . = ALIGN (0x4)
                0x1fff0000                __VECTOR_RAM = ORIGIN (m_interrupts_ram)

.flash_config   0x00000400       0x10
                0x00000400                . = ALIGN (0x4)
 *(.FlashConfig)
 .FlashConfig   0x00000400       0x10 ./SDK/platform/devices/MK64F12/startup/gcc/startup_MK64F12.o
                0x00000410                . = ALIGN (0x4)

.text           0x00000410    0x1507c
                0x00000410                . = ALIGN (0x4)
 *(.text)
 .text          0x00000410       0x54 d:/marko/freescale/kds_3.0.0/toolchain/bin/../lib/gcc/arm-none-eabi/4.8.4/armv7e-m/fpu/crtbegin.o
 .text          0x00000464       0x74 d:/marko/freescale/kds_3.0.0/toolchain/bin/../lib/gcc/arm-none-eabi/4.8.4/../../../../arm-none-eabi/lib/armv7e-m/fpu/crt0.o
                0x00000464                _start
                0x00000464                _mainCRTStartup
 .text          0x000004d8       0x14 ./SDK/platform/devices/MK64F12/startup/gcc/startup_MK64F12.o
                0x000004d8                Reset_Handler
                0x000004e8                DebugMon_Handler
                0x000004e8                I2C0_IRQHandler
                0x000004e8                HardFault_Handler
                0x000004e8                UART3_RX_TX_IRQHandler
                0x000004e8                PendSV_Handler
                0x000004e8                NMI_Handler
                0x000004e8                UART0_RX_TX_IRQHandler
                0x000004e8                I2C1_IRQHandler
                0x000004e8                ENET_Error_IRQHandler
                0x000004e8                CAN0_Tx_Warning_IRQHandler
                0x000004e8                PIT0_IRQHandler
                0x000004e8                CAN0_ORed_Message_buffer_IRQHandler
                0x000004e8                CMP2_IRQHandler
                0x000004e8                ENET_Receive_IRQHandler
                0x000004e8                ENET_1588_Timer_IRQHandler
                0x000004e8                UART2_RX_TX_IRQHandler
                0x000004e8                SWI_IRQHandler
                0x000004e8                ADC0_IRQHandler
                0x000004e8                UsageFault_Handler
                0x000004e8                I2S0_Tx_IRQHandler
                0x000004e8                CMT_IRQHandler
                0x000004e8                UART4_RX_TX_IRQHandler
                0x000004e8                DefaultISR
                0x000004e8                CMP1_IRQHandler
                0x000004e8                Reserved71_IRQHandler
                0x000004e8                PORTD_IRQHandler
                0x000004e8                PORTB_IRQHandler
                0x000004e8                UART4_ERR_IRQHandler
                0x000004e8                ADC1_IRQHandler
                0x000004e8                I2C2_IRQHandler
                0x000004e8                PIT2_IRQHandler
                0x000004e8                I2S0_Rx_IRQHandler
                0x000004e8                RTC_IRQHandler
                0x000004e8                PDB0_IRQHandler
                0x000004e8                CAN0_Rx_Warning_IRQHandler
                0x000004e8                FTM1_IRQHandler
                0x000004e8                UART5_RX_TX_IRQHandler
                0x000004e8                UART3_ERR_IRQHandler
                0x000004e8                PIT3_IRQHandler
                0x000004e8                SDHC_IRQHandler
                0x000004e8                RTC_Seconds_IRQHandler
                0x000004e8                MCG_IRQHandler
                0x000004e8                FTFE_IRQHandler
                0x000004e8                UART2_ERR_IRQHandler
                0x000004e8                UART5_ERR_IRQHandler
                0x000004e8                Read_Collision_IRQHandler
                0x000004e8                ENET_Transmit_IRQHandler
                0x000004e8                USBDCD_IRQHandler
                0x000004e8                USB0_IRQHandler
                0x000004e8                WDOG_EWM_IRQHandler
                0x000004e8                MemManage_Handler
                0x000004e8                SVC_Handler
                0x000004e8                UART0_LON_IRQHandler
                0x000004e8                RNG_IRQHandler
                0x000004e8                DAC0_IRQHandler
                0x000004e8                CAN0_Error_IRQHandler
                0x000004e8                PIT1_IRQHandler
                0x000004e8                UART0_ERR_IRQHandler
                0x000004e8                DMA_Error_IRQHandler
                0x000004e8                LVD_LVW_IRQHandler
                0x000004e8                SPI0_IRQHandler
                0x000004e8                FTM0_IRQHandler
                0x000004e8                PORTA_IRQHandler
                0x000004e8                DAC1_IRQHandler
                0x000004e8                MCM_IRQHandler
                0x000004e8                CAN0_Bus_Off_IRQHandler
                0x000004e8                FTM3_IRQHandler
                0x000004e8                PORTE_IRQHandler
                0x000004e8                FTM2_IRQHandler
                0x000004e8                LPTMR0_IRQHandler
                0x000004e8                BusFault_Handler
                0x000004e8                CAN0_Wake_Up_IRQHandler
                0x000004e8                UART1_ERR_IRQHandler
                0x000004e8                UART1_RX_TX_IRQHandler
                0x000004e8                CMP0_IRQHandler
                0x000004e8                PORTC_IRQHandler
 .text          0x000004ec       0x2c d:/marko/freescale/kds_3.0.0/toolchain/bin/../lib/gcc/arm-none-eabi/4.8.4/armv7e-m/fpu\libgcc.a(_aeabi_uldivmod.o)
                0x000004ec                __aeabi_uldivmod
 .text          0x00000518       0x60 d:/marko/freescale/kds_3.0.0/toolchain/bin/../lib/gcc/arm-none-eabi/4.8.4/armv7e-m/fpu\libgcc.a(bpabi.o)
                0x00000518                __gnu_ldivmod_helper
                0x00000548                __gnu_uldivmod_helper
 .text          0x00000578        0x4 d:/marko/freescale/kds_3.0.0/toolchain/bin/../lib/gcc/arm-none-eabi/4.8.4/armv7e-m/fpu\libgcc.a(_dvmd_tls.o)
                0x00000578                __aeabi_idiv0
                0x00000578                __aeabi_ldiv0
 .text          0x0000057c      0x298 d:/marko/freescale/kds_3.0.0/toolchain/bin/../lib/gcc/arm-none-eabi/4.8.4/armv7e-m/fpu\libgcc.a(_divdi3.o)
                0x0000057c                __divdi3
 .text          0x00000814      0x284 d:/marko/freescale/kds_3.0.0/toolchain/bin/../lib/gcc/arm-none-eabi/4.8.4/armv7e-m/fpu\libgcc.a(_udivdi3.o)
                0x00000814                __udivdi3
 *(.text*)
 .text.MenuDriver_Init
                0x00000a98       0x34 ./menu/src/menu_driver.o
                0x00000a98                MenuDriver_Init
 .text.MenuDriver_LoadScreen
                0x00000acc       0xbc ./menu/src/menu_driver.o
                0x00000acc                MenuDriver_LoadScreen
 .text.MenuDriver_ChangeItem
                0x00000b88       0x88 ./menu/src/menu_driver.o
 .text.catch    0x00000c10       0x18 ./exceptions/src/error.o
                0x00000c10                catch
 .text.SPI_Init
                0x00000c28       0xbc ./drivers/SPI/src/generic_spi_driver.o
                0x00000c28                SPI_Init
 .text.goTo     0x00000ce4       0x98 ./drivers/OLED/src/OLED_driver.o
 .text.drawImage_topDown
                0x00000d7c       0xe0 ./drivers/OLED/src/OLED_driver.o
 .text.drawImage_downTop
                0x00000e5c       0xc4 ./drivers/OLED/src/OLED_driver.o
 .text.transpose
                0x00000f20       0x68 ./drivers/OLED/src/OLED_driver.o
 .text.drawImage_leftRight
                0x00000f88       0x80 ./drivers/OLED/src/OLED_driver.o
 .text.drawImage_rightLeft
                0x00001008      0x118 ./drivers/OLED/src/OLED_driver.o
 .text.OLED_Init
                0x00001120      0x35c ./drivers/OLED/src/OLED_driver.o
                0x00001120                OLED_Init
 .text.OLED_SendCmd
                0x0000147c       0xb0 ./drivers/OLED/src/OLED_driver.o
                0x0000147c                OLED_SendCmd
 .text.OLED_SendData
                0x0000152c      0x134 ./drivers/OLED/src/OLED_driver.o
                0x0000152c                OLED_SendData
 .text.OLED_DrawImage
                0x00001660       0x98 ./drivers/OLED/src/OLED_driver.o
                0x00001660                OLED_DrawImage
 .text.PEX_components_init
                0x000016f8        0xc ./Static_Code/System/PE_low_level_init.o
                0x000016f8                PEX_components_init
 .text.PE_low_level_init
                0x00001704       0x14 ./Static_Code/System/PE_low_level_init.o
                0x00001704                PE_low_level_init
 .text.SPI1_IRQHandler
                0x00001718        0xc ./Sources/Events.o
                0x00001718                SPI1_IRQHandler
 .text.SPI2_IRQHandler
                0x00001724        0xc ./Sources/Events.o
                0x00001724                SPI2_IRQHandler
 .text.LLWU_IRQHandler
                0x00001730        0xc ./Sources/Events.o
                0x00001730                LLWU_IRQHandler
 .text.main     0x0000173c       0x60 ./Sources/main.o
                0x0000173c                main
 .text.POWER_SYS_Init
                0x0000179c       0x5c ./SDK/platform/system/src/power/fsl_power_manager.o
                0x0000179c                POWER_SYS_Init
 .text.INT_SYS_EnableIRQGlobal
                0x000017f8       0x30 ./SDK/platform/system/src/interrupt/fsl_interrupt_manager.o
                0x000017f8                INT_SYS_EnableIRQGlobal
 .text.INT_SYS_DisableIRQGlobal
                0x00001828       0x1c ./SDK/platform/system/src/interrupt/fsl_interrupt_manager.o
                0x00001828                INT_SYS_DisableIRQGlobal
 .text.SIM_HAL_EnableClock
                0x00001844       0x3c ./SDK/platform/system/src/clock/MK64F12/fsl_clock_MK64F12.o
 .text.CLOCK_HAL_GetOutDiv1
                0x00001880       0x24 ./SDK/platform/system/src/clock/MK64F12/fsl_clock_MK64F12.o
 .text.CLOCK_HAL_GetOutDiv2
                0x000018a4       0x28 ./SDK/platform/system/src/clock/MK64F12/fsl_clock_MK64F12.o
 .text.CLOCK_SYS_GetCoreClockFreq
                0x000018cc       0x28 ./SDK/platform/system/src/clock/MK64F12/fsl_clock_MK64F12.o
                0x000018cc                CLOCK_SYS_GetCoreClockFreq
 .text.CLOCK_SYS_GetBusClockFreq
                0x000018f4       0x28 ./SDK/platform/system/src/clock/MK64F12/fsl_clock_MK64F12.o
                0x000018f4                CLOCK_SYS_GetBusClockFreq
 .text.CLOCK_SYS_EnablePortClock
                0x0000191c       0x48 ./SDK/platform/system/src/clock/MK64F12/fsl_clock_MK64F12.o
                0x0000191c                CLOCK_SYS_EnablePortClock
 .text.CLOCK_SYS_EnableSpiClock
                0x00001964       0x48 ./SDK/platform/system/src/clock/MK64F12/fsl_clock_MK64F12.o
                0x00001964                CLOCK_SYS_EnableSpiClock
 .text.OSA_SemaCreate
                0x000019ac       0x4c ./SDK/platform/osa/src/fsl_os_abstraction_bm.o
                0x000019ac                OSA_SemaCreate
 .text.OSA_SemaWait
                0x000019f8       0xc4 ./SDK/platform/osa/src/fsl_os_abstraction_bm.o
                0x000019f8                OSA_SemaWait
 .text.OSA_SemaPost
                0x00001abc       0x54 ./SDK/platform/osa/src/fsl_os_abstraction_bm.o
                0x00001abc                OSA_SemaPost
 .text.OSA_EventSet
                0x00001b10       0x48 ./SDK/platform/osa/src/fsl_os_abstraction_bm.o
                0x00001b10                OSA_EventSet
 .text.task_init
                0x00001b58       0x64 ./SDK/platform/osa/src/fsl_os_abstraction_bm.o
                0x00001b58                task_init
 .text.OSA_TimeDelay
                0x00001bbc       0x2c ./SDK/platform/osa/src/fsl_os_abstraction_bm.o
                0x00001bbc                OSA_TimeDelay
 .text.OSA_Init
                0x00001be8       0x14 ./SDK/platform/osa/src/fsl_os_abstraction_bm.o
                0x00001be8                OSA_Init
 .text.CLOCK_HAL_GetClkOutStat
                0x00001bfc       0x24 ./SDK/platform/hal/src/mcg/fsl_mcg_hal.o
 .text.CLOCK_HAL_IsPllSelected
                0x00001c20       0x30 ./SDK/platform/hal/src/mcg/fsl_mcg_hal.o
 .text.CLOCK_HAL_TestOscFreq
                0x00001c50       0x50 ./SDK/platform/hal/src/mcg/fsl_mcg_hal.o
                0x00001c50                CLOCK_HAL_TestOscFreq
 .text.CLOCK_HAL_GetMcgExternalClkFreq
                0x00001ca0       0x28 ./SDK/platform/hal/src/mcg/fsl_mcg_hal.o
 .text.CLOCK_HAL_TestFllExternalRefFreq
                0x00001cc8       0x90 ./SDK/platform/hal/src/mcg/fsl_mcg_hal.o
                0x00001cc8                CLOCK_HAL_TestFllExternalRefFreq
 .text.CLOCK_HAL_GetFllRefClk
                0x00001d58       0x74 ./SDK/platform/hal/src/mcg/fsl_mcg_hal.o
                0x00001d58                CLOCK_HAL_GetFllRefClk
 .text.CLOCK_HAL_TestFllFreq
                0x00001dcc       0x5c ./SDK/platform/hal/src/mcg/fsl_mcg_hal.o
                0x00001dcc                CLOCK_HAL_TestFllFreq
 .text.CLOCK_HAL_GetFllClk
                0x00001e28       0x60 ./SDK/platform/hal/src/mcg/fsl_mcg_hal.o
                0x00001e28                CLOCK_HAL_GetFllClk
 .text.CLOCK_HAL_GetPll0RefFreq
                0x00001e88       0x18 ./SDK/platform/hal/src/mcg/fsl_mcg_hal.o
                0x00001e88                CLOCK_HAL_GetPll0RefFreq
 .text.CLOCK_HAL_GetPll0Clk
                0x00001ea0       0x7c ./SDK/platform/hal/src/mcg/fsl_mcg_hal.o
                0x00001ea0                CLOCK_HAL_GetPll0Clk
 .text.CLOCK_HAL_GetInternalRefClk
                0x00001f1c       0x64 ./SDK/platform/hal/src/mcg/fsl_mcg_hal.o
                0x00001f1c                CLOCK_HAL_GetInternalRefClk
 .text.CLOCK_HAL_GetOutClk
                0x00001f80       0x68 ./SDK/platform/hal/src/mcg/fsl_mcg_hal.o
                0x00001f80                CLOCK_HAL_GetOutClk
 .text.GPIO_HAL_SetPinDir
                0x00001fe8       0x60 ./SDK/platform/hal/src/gpio/fsl_gpio_hal.o
                0x00001fe8                GPIO_HAL_SetPinDir
 .text.GPIO_HAL_WritePinOutput
                0x00002048       0x4c ./SDK/platform/hal/src/gpio/fsl_gpio_hal.o
                0x00002048                GPIO_HAL_WritePinOutput
 .text.EDMA_HAL_STCDSetSrcAddr
                0x00002094       0x38 ./SDK/platform/hal/src/edma/fsl_edma_hal.o
 .text.EDMA_HAL_STCDSetSrcOffset
                0x000020cc       0x38 ./SDK/platform/hal/src/edma/fsl_edma_hal.o
 .text.EDMA_HAL_STCDSetSrcLastAdjust
                0x00002104       0x38 ./SDK/platform/hal/src/edma/fsl_edma_hal.o
 .text.EDMA_HAL_STCDSetDestAddr
                0x0000213c       0x38 ./SDK/platform/hal/src/edma/fsl_edma_hal.o
 .text.EDMA_HAL_STCDSetDestOffset
                0x00002174       0x38 ./SDK/platform/hal/src/edma/fsl_edma_hal.o
 .text.EDMA_HAL_STCDSetDestLastAdjust
                0x000021ac       0x38 ./SDK/platform/hal/src/edma/fsl_edma_hal.o
 .text.EDMA_HAL_STCDSetDisableDmaRequestAfterTCDDoneCmd
                0x000021e4       0x4c ./SDK/platform/hal/src/edma/fsl_edma_hal.o
 .text.EDMA_HAL_STCDSetIntCmd
                0x00002230       0x4c ./SDK/platform/hal/src/edma/fsl_edma_hal.o
 .text.EDMA_HAL_Init
                0x0000227c       0x7c ./SDK/platform/hal/src/edma/fsl_edma_hal.o
                0x0000227c                EDMA_HAL_Init
 .text.EDMA_HAL_SetErrorIntCmd
                0x000022f8       0x30 ./SDK/platform/hal/src/edma/fsl_edma_hal.o
                0x000022f8                EDMA_HAL_SetErrorIntCmd
 .text.EDMA_HAL_SetDmaRequestCmd
                0x00002328       0x30 ./SDK/platform/hal/src/edma/fsl_edma_hal.o
                0x00002328                EDMA_HAL_SetDmaRequestCmd
 .text.EDMA_HAL_HTCDClearReg
                0x00002358       0xd0 ./SDK/platform/hal/src/edma/fsl_edma_hal.o
                0x00002358                EDMA_HAL_HTCDClearReg
 .text.EDMA_HAL_HTCDSetAttribute
                0x00002428       0x78 ./SDK/platform/hal/src/edma/fsl_edma_hal.o
                0x00002428                EDMA_HAL_HTCDSetAttribute
 .text.EDMA_HAL_HTCDSetNbytes
                0x000024a0       0xec ./SDK/platform/hal/src/edma/fsl_edma_hal.o
                0x000024a0                EDMA_HAL_HTCDSetNbytes
 .text.EDMA_HAL_HTCDSetScatterGatherLink
                0x0000258c       0x60 ./SDK/platform/hal/src/edma/fsl_edma_hal.o
                0x0000258c                EDMA_HAL_HTCDSetScatterGatherLink
 .text.EDMA_HAL_HTCDSetChannelMinorLink
                0x000025ec      0x128 ./SDK/platform/hal/src/edma/fsl_edma_hal.o
                0x000025ec                EDMA_HAL_HTCDSetChannelMinorLink
 .text.EDMA_HAL_HTCDSetMajorCount
                0x00002714      0x13c ./SDK/platform/hal/src/edma/fsl_edma_hal.o
                0x00002714                EDMA_HAL_HTCDSetMajorCount
 .text.EDMA_HAL_STCDSetAttribute
                0x00002850       0x70 ./SDK/platform/hal/src/edma/fsl_edma_hal.o
                0x00002850                EDMA_HAL_STCDSetAttribute
 .text.EDMA_HAL_STCDSetNbytes
                0x000028c0       0x64 ./SDK/platform/hal/src/edma/fsl_edma_hal.o
                0x000028c0                EDMA_HAL_STCDSetNbytes
 .text.EDMA_HAL_STCDSetMajorCount
                0x00002924       0xc0 ./SDK/platform/hal/src/edma/fsl_edma_hal.o
                0x00002924                EDMA_HAL_STCDSetMajorCount
 .text.EDMA_HAL_PushSTCDToHTCD
                0x000029e4      0x11c ./SDK/platform/hal/src/edma/fsl_edma_hal.o
                0x000029e4                EDMA_HAL_PushSTCDToHTCD
 .text.EDMA_HAL_STCDSetBasicTransfer
                0x00002b00       0xcc ./SDK/platform/hal/src/edma/fsl_edma_hal.o
                0x00002b00                EDMA_HAL_STCDSetBasicTransfer
 .text.DSPI_HAL_Enable
                0x00002bcc       0x20 ./SDK/platform/hal/src/dspi/fsl_dspi_hal.o
 .text.DSPI_HAL_Disable
                0x00002bec       0x20 ./SDK/platform/hal/src/dspi/fsl_dspi_hal.o
 .text.DSPI_HAL_IsMaster
                0x00002c0c       0x1c ./SDK/platform/hal/src/dspi/fsl_dspi_hal.o
 .text.DSPI_HAL_Init
                0x00002c28       0x7c ./SDK/platform/hal/src/dspi/fsl_dspi_hal.o
                0x00002c28                DSPI_HAL_Init
 .text.DSPI_HAL_SetBaudRate
                0x00002ca4      0x14c ./SDK/platform/hal/src/dspi/fsl_dspi_hal.o
                0x00002ca4                DSPI_HAL_SetBaudRate
 .text.DSPI_HAL_SetPcsPolarityMode
                0x00002df0       0x58 ./SDK/platform/hal/src/dspi/fsl_dspi_hal.o
                0x00002df0                DSPI_HAL_SetPcsPolarityMode
 .text.DSPI_HAL_SetFifoCmd
                0x00002e48       0x64 ./SDK/platform/hal/src/dspi/fsl_dspi_hal.o
                0x00002e48                DSPI_HAL_SetFifoCmd
 .text.DSPI_HAL_SetFlushFifoCmd
                0x00002eac       0x38 ./SDK/platform/hal/src/dspi/fsl_dspi_hal.o
                0x00002eac                DSPI_HAL_SetFlushFifoCmd
 .text.DSPI_HAL_SetDataFormat
                0x00002ee4      0x128 ./SDK/platform/hal/src/dspi/fsl_dspi_hal.o
                0x00002ee4                DSPI_HAL_SetDataFormat
 .text.DSPI_HAL_SetDelay
                0x0000300c      0x114 ./SDK/platform/hal/src/dspi/fsl_dspi_hal.o
                0x0000300c                DSPI_HAL_SetDelay
 .text.DSPI_HAL_SetTxFifoFillDmaIntMode
                0x00003120       0x3c ./SDK/platform/hal/src/dspi/fsl_dspi_hal.o
                0x00003120                DSPI_HAL_SetTxFifoFillDmaIntMode
 .text.DSPI_HAL_SetRxFifoDrainDmaIntMode
                0x0000315c       0x3c ./SDK/platform/hal/src/dspi/fsl_dspi_hal.o
                0x0000315c                DSPI_HAL_SetRxFifoDrainDmaIntMode
 .text.DSPI_HAL_SetIntMode
                0x00003198       0x3c ./SDK/platform/hal/src/dspi/fsl_dspi_hal.o
                0x00003198                DSPI_HAL_SetIntMode
 .text.DSPI_HAL_GetFormattedCommand
                0x000031d4       0x40 ./SDK/platform/hal/src/dspi/fsl_dspi_hal.o
                0x000031d4                DSPI_HAL_GetFormattedCommand
 .text.DMAMUX_HAL_Init
                0x00003214       0x50 ./SDK/platform/hal/src/dmamux/fsl_dmamux_hal.o
                0x00003214                DMAMUX_HAL_Init
 .text.NVIC_EnableIRQ
                0x00003264       0x30 ./SDK/platform/drivers/src/gpio/fsl_gpio_driver.o
 .text.PORT_HAL_SetPullMode
                0x00003294       0x44 ./SDK/platform/drivers/src/gpio/fsl_gpio_driver.o
 .text.PORT_HAL_SetPullCmd
                0x000032d8       0x48 ./SDK/platform/drivers/src/gpio/fsl_gpio_driver.o
 .text.PORT_HAL_SetSlewRateMode
                0x00003320       0x48 ./SDK/platform/drivers/src/gpio/fsl_gpio_driver.o
 .text.PORT_HAL_SetPassiveFilterCmd
                0x00003368       0x48 ./SDK/platform/drivers/src/gpio/fsl_gpio_driver.o
 .text.PORT_HAL_SetOpenDrainCmd
                0x000033b0       0x48 ./SDK/platform/drivers/src/gpio/fsl_gpio_driver.o
 .text.PORT_HAL_SetDriveStrengthMode
                0x000033f8       0x48 ./SDK/platform/drivers/src/gpio/fsl_gpio_driver.o
 .text.PORT_HAL_SetMuxMode
                0x00003440       0x58 ./SDK/platform/drivers/src/gpio/fsl_gpio_driver.o
 .text.PORT_HAL_SetDigitalFilterCmd
                0x00003498       0x4c ./SDK/platform/drivers/src/gpio/fsl_gpio_driver.o
 .text.PORT_HAL_SetPinIntMode
                0x000034e4       0x58 ./SDK/platform/drivers/src/gpio/fsl_gpio_driver.o
 .text.GPIO_HAL_SetPinOutput
                0x0000353c       0x38 ./SDK/platform/drivers/src/gpio/fsl_gpio_driver.o
 .text.GPIO_HAL_ClearPinOutput
                0x00003574       0x38 ./SDK/platform/drivers/src/gpio/fsl_gpio_driver.o
 .text.INT_SYS_EnableIRQ
                0x000035ac       0x54 ./SDK/platform/drivers/src/gpio/fsl_gpio_driver.o
 .text.GPIO_DRV_Init
                0x00003600       0x50 ./SDK/platform/drivers/src/gpio/fsl_gpio_driver.o
                0x00003600                GPIO_DRV_Init
 .text.GPIO_DRV_InputPinInit
                0x00003650       0xc4 ./SDK/platform/drivers/src/gpio/fsl_gpio_driver.o
                0x00003650                GPIO_DRV_InputPinInit
 .text.GPIO_DRV_OutputPinInit
                0x00003714       0x90 ./SDK/platform/drivers/src/gpio/fsl_gpio_driver.o
                0x00003714                GPIO_DRV_OutputPinInit
 .text.GPIO_DRV_SetPinOutput
                0x000037a4       0x30 ./SDK/platform/drivers/src/gpio/fsl_gpio_driver.o
                0x000037a4                GPIO_DRV_SetPinOutput
 .text.GPIO_DRV_ClearPinOutput
                0x000037d4       0x30 ./SDK/platform/drivers/src/gpio/fsl_gpio_driver.o
                0x000037d4                GPIO_DRV_ClearPinOutput
 .text.NVIC_EnableIRQ
                0x00003804       0x30 ./SDK/platform/drivers/src/edma/fsl_edma_driver.o
 .text.EDMA_HAL_SetHaltOnErrorCmd
                0x00003834       0x24 ./SDK/platform/drivers/src/edma/fsl_edma_driver.o
 .text.EDMA_HAL_SetChannelArbitrationMode
                0x00003858       0x24 ./SDK/platform/drivers/src/edma/fsl_edma_driver.o
 .text.EDMA_HAL_ClearDoneStatusFlag
                0x0000387c       0x1c ./SDK/platform/drivers/src/edma/fsl_edma_driver.o
 .text.EDMA_HAL_ClearIntStatusFlag
                0x00003898       0x1c ./SDK/platform/drivers/src/edma/fsl_edma_driver.o
 .text.DMAMUX_HAL_SetChannelCmd
                0x000038b4       0x44 ./SDK/platform/drivers/src/edma/fsl_edma_driver.o
 .text.DMAMUX_HAL_SetTriggerSource
                0x000038f8       0x58 ./SDK/platform/drivers/src/edma/fsl_edma_driver.o
 .text.SIM_HAL_EnableClock
                0x00003950       0x3c ./SDK/platform/drivers/src/edma/fsl_edma_driver.o
 .text.CLOCK_SYS_EnableDmaClock
                0x0000398c       0x1c ./SDK/platform/drivers/src/edma/fsl_edma_driver.o
 .text.CLOCK_SYS_EnableDmamuxClock
                0x000039a8       0x1c ./SDK/platform/drivers/src/edma/fsl_edma_driver.o
 .text.INT_SYS_EnableIRQ
                0x000039c4       0x54 ./SDK/platform/drivers/src/edma/fsl_edma_driver.o
 .text.EDMA_DRV_Init
                0x00003a18      0x108 ./SDK/platform/drivers/src/edma/fsl_edma_driver.o
                0x00003a18                EDMA_DRV_Init
 .text.EDMA_DRV_RequestChannel
                0x00003b20       0xd8 ./SDK/platform/drivers/src/edma/fsl_edma_driver.o
                0x00003b20                EDMA_DRV_RequestChannel
 .text.EDMA_DRV_ClaimChannel
                0x00003bf8       0xa4 ./SDK/platform/drivers/src/edma/fsl_edma_driver.o
 .text.EDMA_DRV_ClearIntStatus
                0x00003c9c       0x44 ./SDK/platform/drivers/src/edma/fsl_edma_driver.o
 .text.EDMA_DRV_IRQHandler
                0x00003ce0       0x4c ./SDK/platform/drivers/src/edma/fsl_edma_driver.o
                0x00003ce0                EDMA_DRV_IRQHandler
 .text.EDMA_DRV_PushDescriptorToReg
                0x00003d2c       0x44 ./SDK/platform/drivers/src/edma/fsl_edma_driver.o
                0x00003d2c                EDMA_DRV_PushDescriptorToReg
 .text.NVIC_EnableIRQ
                0x00003d70       0x30 ./SDK/platform/drivers/src/dspi/fsl_dspi_edma_master_driver.o
 .text.DSPI_HAL_Enable
                0x00003da0       0x20 ./SDK/platform/drivers/src/dspi/fsl_dspi_edma_master_driver.o
 .text.DSPI_HAL_SetMasterSlaveMode
                0x00003dc0       0x24 ./SDK/platform/drivers/src/dspi/fsl_dspi_edma_master_driver.o
 .text.DSPI_HAL_SetContinuousSckCmd
                0x00003de4       0x24 ./SDK/platform/drivers/src/dspi/fsl_dspi_edma_master_driver.o
 .text.DSPI_HAL_StartTransfer
                0x00003e08       0x20 ./SDK/platform/drivers/src/dspi/fsl_dspi_edma_master_driver.o
 .text.DSPI_HAL_GetMasterPushrRegAddr
                0x00003e28       0x18 ./SDK/platform/drivers/src/dspi/fsl_dspi_edma_master_driver.o
 .text.DSPI_HAL_GetPoprRegAddr
                0x00003e40       0x18 ./SDK/platform/drivers/src/dspi/fsl_dspi_edma_master_driver.o
 .text.DSPI_HAL_GetStatusFlag
                0x00003e58       0x30 ./SDK/platform/drivers/src/dspi/fsl_dspi_edma_master_driver.o
 .text.DSPI_HAL_ClearStatusFlag
                0x00003e88       0x20 ./SDK/platform/drivers/src/dspi/fsl_dspi_edma_master_driver.o
 .text.DSPI_HAL_ReadData
                0x00003ea8       0x18 ./SDK/platform/drivers/src/dspi/fsl_dspi_edma_master_driver.o
 .text.DSPI_HAL_PresetTransferCount
                0x00003ec0       0x28 ./SDK/platform/drivers/src/dspi/fsl_dspi_edma_master_driver.o
 .text.EDMA_HAL_ClearDoneStatusFlag
                0x00003ee8       0x1c ./SDK/platform/drivers/src/dspi/fsl_dspi_edma_master_driver.o
 .text.EDMA_HAL_TriggerChannelStart
                0x00003f04       0x1c ./SDK/platform/drivers/src/dspi/fsl_dspi_edma_master_driver.o
 .text.EDMA_HAL_HTCDSetSrcAddr
                0x00003f20       0x40 ./SDK/platform/drivers/src/dspi/fsl_dspi_edma_master_driver.o
 .text.EDMA_HAL_HTCDSetSrcOffset
                0x00003f60       0x44 ./SDK/platform/drivers/src/dspi/fsl_dspi_edma_master_driver.o
 .text.EDMA_HAL_HTCDSetSrcLastAdjust
                0x00003fa4       0x44 ./SDK/platform/drivers/src/dspi/fsl_dspi_edma_master_driver.o
 .text.EDMA_HAL_HTCDSetDestAddr
                0x00003fe8       0x44 ./SDK/platform/drivers/src/dspi/fsl_dspi_edma_master_driver.o
 .text.EDMA_HAL_HTCDSetDestOffset
                0x0000402c       0x48 ./SDK/platform/drivers/src/dspi/fsl_dspi_edma_master_driver.o
 .text.EDMA_HAL_HTCDSetDestLastAdjust
                0x00004074       0x44 ./SDK/platform/drivers/src/dspi/fsl_dspi_edma_master_driver.o
 .text.EDMA_HAL_HTCDSetChannelMajorLink
                0x000040b8       0x8c ./SDK/platform/drivers/src/dspi/fsl_dspi_edma_master_driver.o
 .text.EDMA_HAL_HTCDSetScatterGatherCmd
                0x00004144       0x54 ./SDK/platform/drivers/src/dspi/fsl_dspi_edma_master_driver.o
 .text.EDMA_HAL_HTCDSetDisableDmaRequestAfterTCDDoneCmd
                0x00004198       0x54 ./SDK/platform/drivers/src/dspi/fsl_dspi_edma_master_driver.o
 .text.EDMA_DRV_PrepareDescriptorTransfer
                0x000041ec       0x3c ./SDK/platform/drivers/src/dspi/fsl_dspi_edma_master_driver.o
 .text.CLOCK_SYS_GetSpiFreq
                0x00004228       0x18 ./SDK/platform/drivers/src/dspi/fsl_dspi_edma_master_driver.o
 .text.INT_SYS_EnableIRQ
                0x00004240       0x54 ./SDK/platform/drivers/src/dspi/fsl_dspi_edma_master_driver.o
 .text.DSPI_DRV_EdmaMasterInit
                0x00004294      0x1d8 ./SDK/platform/drivers/src/dspi/fsl_dspi_edma_master_driver.o
                0x00004294                DSPI_DRV_EdmaMasterInit
 .text.DSPI_DRV_EdmaMasterConfigureBus
                0x0000446c       0x9c ./SDK/platform/drivers/src/dspi/fsl_dspi_edma_master_driver.o
                0x0000446c                DSPI_DRV_EdmaMasterConfigureBus
 .text.DSPI_DRV_EdmaMasterTransferBlocking
                0x00004508       0xdc ./SDK/platform/drivers/src/dspi/fsl_dspi_edma_master_driver.o
                0x00004508                DSPI_DRV_EdmaMasterTransferBlocking
 .text.DSPI_DRV_EdmaMasterStartTransfer
                0x000045e4      0x728 ./SDK/platform/drivers/src/dspi/fsl_dspi_edma_master_driver.o
 .text.DSPI_DRV_EdmaMasterCompleteTransfer
                0x00004d0c       0x8c ./SDK/platform/drivers/src/dspi/fsl_dspi_edma_master_driver.o
 .text.DSPI_DRV_EdmaMasterIRQHandler
                0x00004d98       0x30 ./SDK/platform/drivers/src/dspi/fsl_dspi_edma_master_driver.o
                0x00004d98                DSPI_DRV_EdmaMasterIRQHandler
 .text.DSPI_HAL_IsMaster
                0x00004dc8       0x1c ./SDK/platform/drivers/src/dspi/fsl_dspi_edma_shared_function.o
 .text.DSPI_DRV_EdmaIRQHandler
                0x00004de4       0x54 ./SDK/platform/drivers/src/dspi/fsl_dspi_edma_shared_function.o
                0x00004de4                DSPI_DRV_EdmaIRQHandler
 .text.DSPI_HAL_StopTransfer
                0x00004e38       0x20 ./SDK/platform/drivers/src/dspi/fsl_dspi_edma_slave_driver.o
 .text.DSPI_HAL_GetIntMode
                0x00004e58       0x30 ./SDK/platform/drivers/src/dspi/fsl_dspi_edma_slave_driver.o
 .text.DSPI_HAL_GetStatusFlag
                0x00004e88       0x30 ./SDK/platform/drivers/src/dspi/fsl_dspi_edma_slave_driver.o
 .text.DSPI_HAL_ClearStatusFlag
                0x00004eb8       0x20 ./SDK/platform/drivers/src/dspi/fsl_dspi_edma_slave_driver.o
 .text.DSPI_HAL_ReadData
                0x00004ed8       0x18 ./SDK/platform/drivers/src/dspi/fsl_dspi_edma_slave_driver.o
 .text.DSPI_HAL_GetTransferCount
                0x00004ef0       0x1c ./SDK/platform/drivers/src/dspi/fsl_dspi_edma_slave_driver.o
 .text.EDMA_HAL_HTCDSetIntCmd
                0x00004f0c       0x54 ./SDK/platform/drivers/src/dspi/fsl_dspi_edma_slave_driver.o
 .text.DSPI_DRV_EdmaCompleteTransfer
                0x00004f60      0x154 ./SDK/platform/drivers/src/dspi/fsl_dspi_edma_slave_driver.o
 .text.DSPI_DRV_EdmaSlaveIRQHandler
                0x000050b4       0x9c ./SDK/platform/drivers/src/dspi/fsl_dspi_edma_slave_driver.o
                0x000050b4                DSPI_DRV_EdmaSlaveIRQHandler
 .text.SystemInit
                0x00005150      0x1f8 ./SDK/platform/devices/MK64F12/startup/system_MK64F12.o
                0x00005150                SystemInit
 .text.init_data_bss
                0x00005348       0xcc ./SDK/platform/devices/startup.o
                0x00005348                init_data_bss
 .text.NVIC_EnableIRQ
                0x00005414       0x30 ./Generated_Code/Cpu.o
 .text.INT_SYS_EnableIRQ
                0x00005444       0x54 ./Generated_Code/Cpu.o
 .text.Components_Init
                0x00005498       0x80 ./Generated_Code/Cpu.o
                0x00005498                Components_Init
 .text.DMA0_IRQHandler
                0x00005518        0xc ./Generated_Code/dmaController1.o
                0x00005518                DMA0_IRQHandler
 .text.DMA1_IRQHandler
                0x00005524        0xc ./Generated_Code/dmaController1.o
                0x00005524                DMA1_IRQHandler
 .text.DMA2_IRQHandler
                0x00005530        0xc ./Generated_Code/dmaController1.o
                0x00005530                DMA2_IRQHandler
 .text.DMA3_IRQHandler
                0x0000553c        0xc ./Generated_Code/dmaController1.o
                0x0000553c                DMA3_IRQHandler
 .text.DMA4_IRQHandler
                0x00005548        0xc ./Generated_Code/dmaController1.o
                0x00005548                DMA4_IRQHandler
 .text.DMA5_IRQHandler
                0x00005554        0xc ./Generated_Code/dmaController1.o
                0x00005554                DMA5_IRQHandler
 .text.DMA6_IRQHandler
                0x00005560        0xc ./Generated_Code/dmaController1.o
                0x00005560                DMA6_IRQHandler
 .text.DMA7_IRQHandler
                0x0000556c        0xc ./Generated_Code/dmaController1.o
                0x0000556c                DMA7_IRQHandler
 .text.DMA8_IRQHandler
                0x00005578        0xc ./Generated_Code/dmaController1.o
                0x00005578                DMA8_IRQHandler
 .text.DMA9_IRQHandler
                0x00005584        0xc ./Generated_Code/dmaController1.o
                0x00005584                DMA9_IRQHandler
 .text.DMA10_IRQHandler
                0x00005590        0xc ./Generated_Code/dmaController1.o
                0x00005590                DMA10_IRQHandler
 .text.DMA11_IRQHandler
                0x0000559c        0xc ./Generated_Code/dmaController1.o
                0x0000559c                DMA11_IRQHandler
 .text.DMA12_IRQHandler
                0x000055a8        0xc ./Generated_Code/dmaController1.o
                0x000055a8                DMA12_IRQHandler
 .text.DMA13_IRQHandler
                0x000055b4        0xc ./Generated_Code/dmaController1.o
                0x000055b4                DMA13_IRQHandler
 .text.DMA14_IRQHandler
                0x000055c0        0xc ./Generated_Code/dmaController1.o
                0x000055c0                DMA14_IRQHandler
 .text.DMA15_IRQHandler
                0x000055cc        0xc ./Generated_Code/dmaController1.o
                0x000055cc                DMA15_IRQHandler
 .text.SIM_HAL_EnableClock
                0x000055d8       0x3c ./Generated_Code/hardware_init.o
 .text.hardware_init
                0x00005614       0x88 ./Generated_Code/hardware_init.o
                0x00005614                hardware_init
 .text.NVIC_SetPriority
                0x0000569c       0x54 ./Generated_Code/osa1.o
 .text.CLOCK_SYS_GetSystickFreq
                0x000056f0       0x10 ./Generated_Code/osa1.o
 .text.SysTick_Handler
                0x00005700       0x20 ./Generated_Code/osa1.o
                0x00005700                SysTick_Handler
 .text.OSA_TimeInit
                0x00005720       0xbc ./Generated_Code/osa1.o
                0x00005720                OSA_TimeInit
 .text.OSA_TimeDiff
                0x000057dc       0x30 ./Generated_Code/osa1.o
                0x000057dc                OSA_TimeDiff
 .text.OSA_TimeGetMsec
                0x0000580c       0x18 ./Generated_Code/osa1.o
                0x0000580c                OSA_TimeGetMsec
 .text.PORT_HAL_SetMuxMode
                0x00005824       0x58 ./Generated_Code/pin_mux.o
 .text.init_gpio_pins
                0x0000587c       0x94 ./Generated_Code/pin_mux.o
                0x0000587c                init_gpio_pins
 .text.init_jtag_pins
                0x00005910       0x3c ./Generated_Code/pin_mux.o
                0x00005910                init_jtag_pins
 .text.init_llwu_pins
                0x0000594c       0x1c ./Generated_Code/pin_mux.o
                0x0000594c                init_llwu_pins
 .text.init_spi_pins
                0x00005968       0x64 ./Generated_Code/pin_mux.o
                0x00005968                init_spi_pins
 .text.init_tpiu_pins
                0x000059cc       0x1c ./Generated_Code/pin_mux.o
                0x000059cc                init_tpiu_pins
 .text.__assert_func
                0x000059e8       0x38 d:/marko/freescale/kds_3.0.0/toolchain/bin/../lib/gcc/arm-none-eabi/4.8.4/../../../../arm-none-eabi/lib/armv7e-m/fpu\libg_s.a(lib_a-assert.o)
                0x000059e8                __assert_func
 .text.exit     0x00005a20       0x28 d:/marko/freescale/kds_3.0.0/toolchain/bin/../lib/gcc/arm-none-eabi/4.8.4/../../../../arm-none-eabi/lib/armv7e-m/fpu\libg_s.a(lib_a-exit.o)
                0x00005a20                exit
 .text.fprintf  0x00005a48       0x24 d:/marko/freescale/kds_3.0.0/toolchain/bin/../lib/gcc/arm-none-eabi/4.8.4/../../../../arm-none-eabi/lib/armv7e-m/fpu\libg_s.a(lib_a-fprintf.o)
                0x00005a48                fiprintf
                0x00005a48                fprintf
 .text.__libc_init_array
                0x00005a6c       0x4c d:/marko/freescale/kds_3.0.0/toolchain/bin/../lib/gcc/arm-none-eabi/4.8.4/../../../../arm-none-eabi/lib/armv7e-m/fpu\libg_s.a(lib_a-init.o)
                0x00005a6c                __libc_init_array
 .text.memcpy   0x00005ab8       0x12 d:/marko/freescale/kds_3.0.0/toolchain/bin/../lib/gcc/arm-none-eabi/4.8.4/../../../../arm-none-eabi/lib/armv7e-m/fpu\libg_s.a(lib_a-memcpy-stub.o)
                0x00005ab8                memcpy
 .text.memset   0x00005aca       0x10 d:/marko/freescale/kds_3.0.0/toolchain/bin/../lib/gcc/arm-none-eabi/4.8.4/../../../../arm-none-eabi/lib/armv7e-m/fpu\libg_s.a(lib_a-memset.o)
                0x00005aca                memset
 *fill*         0x00005ada        0x2 
 .text._free_r  0x00005adc       0x88 d:/marko/freescale/kds_3.0.0/toolchain/bin/../lib/gcc/arm-none-eabi/4.8.4/../../../../arm-none-eabi/lib/armv7e-m/fpu\libg_s.a(lib_a-nano-freer.o)
                0x00005adc                _free_r
 .text._malloc_r
                0x00005b64       0xa8 d:/marko/freescale/kds_3.0.0/toolchain/bin/../lib/gcc/arm-none-eabi/4.8.4/../../../../arm-none-eabi/lib/armv7e-m/fpu\libg_s.a(lib_a-nano-mallocr.o)
                0x00005b64                _malloc_r
 .text._sbrk_r  0x00005c0c       0x20 d:/marko/freescale/kds_3.0.0/toolchain/bin/../lib/gcc/arm-none-eabi/4.8.4/../../../../arm-none-eabi/lib/armv7e-m/fpu\libg_s.a(lib_a-sbrkr.o)
                0x00005c0c                _sbrk_r
 .text.__sfputc_r
                0x00005c2c       0x2c d:/marko/freescale/kds_3.0.0/toolchain/bin/../lib/gcc/arm-none-eabi/4.8.4/../../../../arm-none-eabi/lib/armv7e-m/fpu\libg_s.a(lib_a-vfprintf.o)
 .text.__sfputs_r
                0x00005c58       0x24 d:/marko/freescale/kds_3.0.0/toolchain/bin/../lib/gcc/arm-none-eabi/4.8.4/../../../../arm-none-eabi/lib/armv7e-m/fpu\libg_s.a(lib_a-vfprintf.o)
                0x00005c58                __sfputs_r
 .text._vfprintf_r
                0x00005c7c      0x208 d:/marko/freescale/kds_3.0.0/toolchain/bin/../lib/gcc/arm-none-eabi/4.8.4/../../../../arm-none-eabi/lib/armv7e-m/fpu\libg_s.a(lib_a-vfprintf.o)
                0x00005c7c                _vfprintf_r
                0x00005c7c                _vfiprintf_r
 .text._printf_common
                0x00005e84       0xe4 d:/marko/freescale/kds_3.0.0/toolchain/bin/../lib/gcc/arm-none-eabi/4.8.4/../../../../arm-none-eabi/lib/armv7e-m/fpu\libg_s.a(lib_a-vfprintf_i.o)
                0x00005e84                _printf_common
 .text._printf_i
                0x00005f68      0x228 d:/marko/freescale/kds_3.0.0/toolchain/bin/../lib/gcc/arm-none-eabi/4.8.4/../../../../arm-none-eabi/lib/armv7e-m/fpu\libg_s.a(lib_a-vfprintf_i.o)
                0x00005f68                _printf_i
 .text.__swbuf_r
                0x00006190       0xa8 d:/marko/freescale/kds_3.0.0/toolchain/bin/../lib/gcc/arm-none-eabi/4.8.4/../../../../arm-none-eabi/lib/armv7e-m/fpu\libg_s.a(lib_a-wbuf.o)
                0x00006190                __swbuf_r
 .text.__swsetup_r
                0x00006238       0xdc d:/marko/freescale/kds_3.0.0/toolchain/bin/../lib/gcc/arm-none-eabi/4.8.4/../../../../arm-none-eabi/lib/armv7e-m/fpu\libg_s.a(lib_a-wsetup.o)
                0x00006238                __swsetup_r
 .text.abort    0x00006314        0xe d:/marko/freescale/kds_3.0.0/toolchain/bin/../lib/gcc/arm-none-eabi/4.8.4/../../../../arm-none-eabi/lib/armv7e-m/fpu\libg_s.a(lib_a-abort.o)
                0x00006314                abort
 .text.__sflush_r
                0x00006322      0x106 d:/marko/freescale/kds_3.0.0/toolchain/bin/../lib/gcc/arm-none-eabi/4.8.4/../../../../arm-none-eabi/lib/armv7e-m/fpu\libg_s.a(lib_a-fflush.o)
                0x00006322                __sflush_r
 .text._fflush_r
                0x00006428       0x54 d:/marko/freescale/kds_3.0.0/toolchain/bin/../lib/gcc/arm-none-eabi/4.8.4/../../../../arm-none-eabi/lib/armv7e-m/fpu\libg_s.a(lib_a-fflush.o)
                0x00006428                _fflush_r
 .text._cleanup_r
                0x0000647c       0x32 d:/marko/freescale/kds_3.0.0/toolchain/bin/../lib/gcc/arm-none-eabi/4.8.4/../../../../arm-none-eabi/lib/armv7e-m/fpu\libg_s.a(lib_a-findfp.o)
                0x0000647c                _cleanup_r
 *fill*         0x000064ae        0x2 
 .text.std.isra.0
                0x000064b0       0x48 d:/marko/freescale/kds_3.0.0/toolchain/bin/../lib/gcc/arm-none-eabi/4.8.4/../../../../arm-none-eabi/lib/armv7e-m/fpu\libg_s.a(lib_a-findfp.o)
 .text.__sfmoreglue
                0x000064f8       0x2c d:/marko/freescale/kds_3.0.0/toolchain/bin/../lib/gcc/arm-none-eabi/4.8.4/../../../../arm-none-eabi/lib/armv7e-m/fpu\libg_s.a(lib_a-findfp.o)
                0x000064f8                __sfmoreglue
 .text.__sinit  0x00006524       0x60 d:/marko/freescale/kds_3.0.0/toolchain/bin/../lib/gcc/arm-none-eabi/4.8.4/../../../../arm-none-eabi/lib/armv7e-m/fpu\libg_s.a(lib_a-findfp.o)
                0x00006524                __sinit
 .text.__sfp    0x00006584       0x74 d:/marko/freescale/kds_3.0.0/toolchain/bin/../lib/gcc/arm-none-eabi/4.8.4/../../../../arm-none-eabi/lib/armv7e-m/fpu\libg_s.a(lib_a-findfp.o)
                0x00006584                __sfp
 .text.__smakebuf_r
                0x000065f8       0x9c d:/marko/freescale/kds_3.0.0/toolchain/bin/../lib/gcc/arm-none-eabi/4.8.4/../../../../arm-none-eabi/lib/armv7e-m/fpu\libg_s.a(lib_a-makebuf.o)
                0x000065f8                __smakebuf_r
 .text.memchr   0x00006694       0x1e d:/marko/freescale/kds_3.0.0/toolchain/bin/../lib/gcc/arm-none-eabi/4.8.4/../../../../arm-none-eabi/lib/armv7e-m/fpu\libg_s.a(lib_a-memchr-stub.o)
                0x00006694                memchr
 .text._raise_r
                0x000066b2       0x50 d:/marko/freescale/kds_3.0.0/toolchain/bin/../lib/gcc/arm-none-eabi/4.8.4/../../../../arm-none-eabi/lib/armv7e-m/fpu\libg_s.a(lib_a-signal.o)
                0x000066b2                _raise_r
 *fill*         0x00006702        0x2 
 .text.raise    0x00006704       0x10 d:/marko/freescale/kds_3.0.0/toolchain/bin/../lib/gcc/arm-none-eabi/4.8.4/../../../../arm-none-eabi/lib/armv7e-m/fpu\libg_s.a(lib_a-signal.o)
                0x00006704                raise
 .text._kill_r  0x00006714       0x24 d:/marko/freescale/kds_3.0.0/toolchain/bin/../lib/gcc/arm-none-eabi/4.8.4/../../../../arm-none-eabi/lib/armv7e-m/fpu\libg_s.a(lib_a-signalr.o)
                0x00006714                _kill_r
 .text._getpid_r
                0x00006738        0x4 d:/marko/freescale/kds_3.0.0/toolchain/bin/../lib/gcc/arm-none-eabi/4.8.4/../../../../arm-none-eabi/lib/armv7e-m/fpu\libg_s.a(lib_a-signalr.o)
                0x00006738                _getpid_r
 .text.__sread  0x0000673c       0x22 d:/marko/freescale/kds_3.0.0/toolchain/bin/../lib/gcc/arm-none-eabi/4.8.4/../../../../arm-none-eabi/lib/armv7e-m/fpu\libg_s.a(lib_a-stdio.o)
                0x0000673c                __sread
 .text.__swrite
                0x0000675e       0x38 d:/marko/freescale/kds_3.0.0/toolchain/bin/../lib/gcc/arm-none-eabi/4.8.4/../../../../arm-none-eabi/lib/armv7e-m/fpu\libg_s.a(lib_a-stdio.o)
                0x0000675e                __swrite
 .text.__sseek  0x00006796       0x24 d:/marko/freescale/kds_3.0.0/toolchain/bin/../lib/gcc/arm-none-eabi/4.8.4/../../../../arm-none-eabi/lib/armv7e-m/fpu\libg_s.a(lib_a-stdio.o)
                0x00006796                __sseek
 .text.__sclose
                0x000067ba        0x8 d:/marko/freescale/kds_3.0.0/toolchain/bin/../lib/gcc/arm-none-eabi/4.8.4/../../../../arm-none-eabi/lib/armv7e-m/fpu\libg_s.a(lib_a-stdio.o)
                0x000067ba                __sclose
 .text.strlen   0x000067c2       0x10 d:/marko/freescale/kds_3.0.0/toolchain/bin/../lib/gcc/arm-none-eabi/4.8.4/../../../../arm-none-eabi/lib/armv7e-m/fpu\libg_s.a(lib_a-strlen.o)
                0x000067c2                strlen
 *fill*         0x000067d2        0x2 
 .text._write_r
                0x000067d4       0x24 d:/marko/freescale/kds_3.0.0/toolchain/bin/../lib/gcc/arm-none-eabi/4.8.4/../../../../arm-none-eabi/lib/armv7e-m/fpu\libg_s.a(lib_a-writer.o)
                0x000067d4                _write_r
 .text._close_r
                0x000067f8       0x20 d:/marko/freescale/kds_3.0.0/toolchain/bin/../lib/gcc/arm-none-eabi/4.8.4/../../../../arm-none-eabi/lib/armv7e-m/fpu\libg_s.a(lib_a-closer.o)
                0x000067f8                _close_r
 .text._fstat_r
                0x00006818       0x24 d:/marko/freescale/kds_3.0.0/toolchain/bin/../lib/gcc/arm-none-eabi/4.8.4/../../../../arm-none-eabi/lib/armv7e-m/fpu\libg_s.a(lib_a-fstatr.o)
                0x00006818                _fstat_r
 .text._isatty_r
                0x0000683c       0x20 d:/marko/freescale/kds_3.0.0/toolchain/bin/../lib/gcc/arm-none-eabi/4.8.4/../../../../arm-none-eabi/lib/armv7e-m/fpu\libg_s.a(lib_a-isattyr.o)
                0x0000683c                _isatty_r
 .text._lseek_r
                0x0000685c       0x24 d:/marko/freescale/kds_3.0.0/toolchain/bin/../lib/gcc/arm-none-eabi/4.8.4/../../../../arm-none-eabi/lib/armv7e-m/fpu\libg_s.a(lib_a-lseekr.o)
                0x0000685c                _lseek_r
 .text._read_r  0x00006880       0x24 d:/marko/freescale/kds_3.0.0/toolchain/bin/../lib/gcc/arm-none-eabi/4.8.4/../../../../arm-none-eabi/lib/armv7e-m/fpu\libg_s.a(lib_a-readr.o)
                0x00006880                _read_r
 .text._close   0x000068a4       0x10 d:/marko/freescale/kds_3.0.0/toolchain/bin/../lib/gcc/arm-none-eabi/4.8.4/../../../../arm-none-eabi/lib/armv7e-m/fpu\libnosys.a(close.o)
                0x000068a4                _close
 .text._fstat   0x000068b4       0x10 d:/marko/freescale/kds_3.0.0/toolchain/bin/../lib/gcc/arm-none-eabi/4.8.4/../../../../arm-none-eabi/lib/armv7e-m/fpu\libnosys.a(fstat.o)
                0x000068b4                _fstat
 .text._getpid  0x000068c4       0x10 d:/marko/freescale/kds_3.0.0/toolchain/bin/../lib/gcc/arm-none-eabi/4.8.4/../../../../arm-none-eabi/lib/armv7e-m/fpu\libnosys.a(getpid.o)
                0x000068c4                _getpid
 .text._isatty  0x000068d4       0x10 d:/marko/freescale/kds_3.0.0/toolchain/bin/../lib/gcc/arm-none-eabi/4.8.4/../../../../arm-none-eabi/lib/armv7e-m/fpu\libnosys.a(isatty.o)
                0x000068d4                _isatty
 .text._kill    0x000068e4       0x10 d:/marko/freescale/kds_3.0.0/toolchain/bin/../lib/gcc/arm-none-eabi/4.8.4/../../../../arm-none-eabi/lib/armv7e-m/fpu\libnosys.a(kill.o)
                0x000068e4                _kill
 .text._lseek   0x000068f4       0x10 d:/marko/freescale/kds_3.0.0/toolchain/bin/../lib/gcc/arm-none-eabi/4.8.4/../../../../arm-none-eabi/lib/armv7e-m/fpu\libnosys.a(lseek.o)
                0x000068f4                _lseek
 .text._read    0x00006904       0x10 d:/marko/freescale/kds_3.0.0/toolchain/bin/../lib/gcc/arm-none-eabi/4.8.4/../../../../arm-none-eabi/lib/armv7e-m/fpu\libnosys.a(read.o)
                0x00006904                _read
 .text._sbrk    0x00006914       0x34 d:/marko/freescale/kds_3.0.0/toolchain/bin/../lib/gcc/arm-none-eabi/4.8.4/../../../../arm-none-eabi/lib/armv7e-m/fpu\libnosys.a(sbrk.o)
                0x00006914                _sbrk
 .text._write   0x00006948       0x10 d:/marko/freescale/kds_3.0.0/toolchain/bin/../lib/gcc/arm-none-eabi/4.8.4/../../../../arm-none-eabi/lib/armv7e-m/fpu\libnosys.a(write.o)
                0x00006948                _write
 .text._exit    0x00006958        0x4 d:/marko/freescale/kds_3.0.0/toolchain/bin/../lib/gcc/arm-none-eabi/4.8.4/../../../../arm-none-eabi/lib/armv7e-m/fpu\libnosys.a(_exit.o)
                0x00006958                _exit
 *(.rodata)
 .rodata        0x0000695c      0x1e0 ./SDK/platform/system/src/clock/MK64F12/fsl_clock_MK64F12.o
 .rodata        0x00006b3c       0x64 ./SDK/platform/osa/src/fsl_os_abstraction_bm.o
 .rodata        0x00006ba0       0x38 ./SDK/platform/hal/src/gpio/fsl_gpio_hal.o
 .rodata        0x00006bd8       0xc0 ./SDK/platform/hal/src/edma/fsl_edma_hal.o
 .rodata        0x00006c98      0x15c ./SDK/platform/drivers/src/gpio/fsl_gpio_driver.o
 .rodata        0x00006df4      0x15c ./SDK/platform/drivers/src/edma/fsl_edma_driver.o
 .rodata        0x00006f50      0x164 ./SDK/platform/drivers/src/dspi/fsl_dspi_edma_master_driver.o
 .rodata        0x000070b4       0x64 ./SDK/platform/drivers/src/dspi/fsl_dspi_edma_shared_function.o
 .rodata        0x00007118      0x17c ./SDK/platform/drivers/src/dspi/fsl_dspi_edma_slave_driver.o
 .rodata        0x00007294       0x9c ./Generated_Code/Cpu.o
 .rodata        0x00007330       0x2c ./Generated_Code/osa1.o
 .rodata        0x0000735c       0x60 ./Generated_Code/pin_mux.o
 *(.rodata*)
 .rodata.menuItem_main_bmp
                0x000073bc     0x4800 ./menu/src/menu_resources.o
                0x000073bc                menuItem_main_bmp
 .rodata.menuItem_apps_bmp
                0x0000bbbc     0x4800 ./menu/src/menu_resources.o
                0x0000bbbc                menuItem_apps_bmp
 .rodata.menuItem_settings_bmp
                0x000103bc     0x4800 ./menu/src/menu_resources.o
                0x000103bc                menuItem_settings_bmp
 .rodata.menuItem_main
                0x00014bbc       0x24 ./menu/src/menu_screens.o
                0x00014bbc                menuItem_main
 .rodata.menuItem_apps
                0x00014be0       0x24 ./menu/src/menu_screens.o
                0x00014be0                menuItem_apps
 .rodata.menuItem_settings
                0x00014c04       0x24 ./menu/src/menu_screens.o
                0x00014c04                menuItem_settings
 .rodata.portGateTable
                0x00014c28        0x8 ./SDK/platform/system/src/clock/MK64F12/fsl_clock_MK64F12.o
 .rodata.spiGateTable
                0x00014c30        0x4 ./SDK/platform/system/src/clock/MK64F12/fsl_clock_MK64F12.o
 .rodata.__func__.7870
                0x00014c34       0x1c ./SDK/platform/system/src/clock/MK64F12/fsl_clock_MK64F12.o
 .rodata.__func__.7922
                0x00014c50       0x1c ./SDK/platform/system/src/clock/MK64F12/fsl_clock_MK64F12.o
 .rodata.__func__.7891
                0x00014c6c       0x10 ./SDK/platform/osa/src/fsl_os_abstraction_bm.o
 .rodata.__func__.7897
                0x00014c7c       0x10 ./SDK/platform/osa/src/fsl_os_abstraction_bm.o
 .rodata.__func__.7901
                0x00014c8c       0x10 ./SDK/platform/osa/src/fsl_os_abstraction_bm.o
 .rodata.__func__.7947
                0x00014c9c       0x10 ./SDK/platform/osa/src/fsl_os_abstraction_bm.o
 .rodata.fllFactorTable.6440
                0x00014cac       0x10 ./SDK/platform/hal/src/mcg/fsl_mcg_hal.o
 .rodata.__func__.6219
                0x00014cbc       0x14 ./SDK/platform/hal/src/gpio/fsl_gpio_hal.o
 .rodata.__func__.6225
                0x00014cd0       0x18 ./SDK/platform/hal/src/gpio/fsl_gpio_hal.o
 .rodata.__func__.6635
                0x00014ce8       0x1c ./SDK/platform/hal/src/edma/fsl_edma_hal.o
 .rodata.__func__.6641
                0x00014d04       0x18 ./SDK/platform/hal/src/edma/fsl_edma_hal.o
 .rodata.__func__.6658
                0x00014d1c       0x24 ./SDK/platform/hal/src/edma/fsl_edma_hal.o
 .rodata.__func__.6665
                0x00014d40       0x24 ./SDK/platform/hal/src/edma/fsl_edma_hal.o
 .rodata.__func__.6671
                0x00014d64       0x1c ./SDK/platform/hal/src/edma/fsl_edma_hal.o
 .rodata.__func__.6703
                0x00014d80       0x1c ./SDK/platform/hal/src/edma/fsl_edma_hal.o
 .rodata.__func__.6709
                0x00014d9c       0x18 ./SDK/platform/hal/src/edma/fsl_edma_hal.o
 .rodata.__func__.6731
                0x00014db4       0x1c ./SDK/platform/hal/src/edma/fsl_edma_hal.o
 .rodata.__func__.6737
                0x00014dd0       0x18 ./SDK/platform/hal/src/edma/fsl_edma_hal.o
 .rodata.__func__.6745
                0x00014de8       0x20 ./SDK/platform/hal/src/edma/fsl_edma_hal.o
 .rodata.__func__.6494
                0x00014e08       0x18 ./SDK/platform/hal/src/edma/fsl_edma_hal.o
 .rodata.__func__.6523
                0x00014e20       0x1c ./SDK/platform/hal/src/edma/fsl_edma_hal.o
 .rodata.__func__.6499
                0x00014e3c       0x1c ./SDK/platform/hal/src/edma/fsl_edma_hal.o
 .rodata.__func__.6528
                0x00014e58       0x1c ./SDK/platform/hal/src/edma/fsl_edma_hal.o
 .rodata.__func__.6518
                0x00014e74       0x20 ./SDK/platform/hal/src/edma/fsl_edma_hal.o
 .rodata.__func__.6533
                0x00014e94       0x20 ./SDK/platform/hal/src/edma/fsl_edma_hal.o
 .rodata.__func__.6567
                0x00014eb4       0x18 ./SDK/platform/hal/src/edma/fsl_edma_hal.o
 .rodata.__func__.6557
                0x00014ecc       0x34 ./SDK/platform/hal/src/edma/fsl_edma_hal.o
 .rodata.s_baudratePrescaler
                0x00014f00       0x10 ./SDK/platform/hal/src/dspi/fsl_dspi_hal.o
 .rodata.s_baudrateScaler
                0x00014f10       0x40 ./SDK/platform/hal/src/dspi/fsl_dspi_hal.o
 .rodata.g_gpioBase
                0x00014f50       0x14 ./SDK/platform/drivers/src/gpio/fsl_gpio_common.o
                0x00014f50                g_gpioBase
 .rodata.g_portBase
                0x00014f64       0x14 ./SDK/platform/drivers/src/gpio/fsl_gpio_common.o
                0x00014f64                g_portBase
 .rodata.g_portIrqId
                0x00014f78        0x8 ./SDK/platform/drivers/src/gpio/fsl_gpio_common.o
                0x00014f78                g_portIrqId
 .rodata.__func__.6221
                0x00014f80       0x14 ./SDK/platform/drivers/src/gpio/fsl_gpio_driver.o
 .rodata.__func__.6191
                0x00014f94       0x14 ./SDK/platform/drivers/src/gpio/fsl_gpio_driver.o
 .rodata.__func__.6185
                0x00014fa8       0x18 ./SDK/platform/drivers/src/gpio/fsl_gpio_driver.o
 .rodata.__func__.6203
                0x00014fc0       0x20 ./SDK/platform/drivers/src/gpio/fsl_gpio_driver.o
 .rodata.__func__.6233
                0x00014fe0       0x20 ./SDK/platform/drivers/src/gpio/fsl_gpio_driver.o
 .rodata.__func__.6255
                0x00015000       0x18 ./SDK/platform/drivers/src/gpio/fsl_gpio_driver.o
 .rodata.__func__.7986
                0x00015018       0x14 ./SDK/platform/drivers/src/gpio/fsl_gpio_driver.o
 .rodata.__func__.6197
                0x0001502c       0x1c ./SDK/platform/drivers/src/gpio/fsl_gpio_driver.o
 .rodata.__func__.6215
                0x00015048       0x20 ./SDK/platform/drivers/src/gpio/fsl_gpio_driver.o
 .rodata.__func__.6209
                0x00015068       0x1c ./SDK/platform/drivers/src/gpio/fsl_gpio_driver.o
 .rodata.__func__.6319
                0x00015084       0x18 ./SDK/platform/drivers/src/gpio/fsl_gpio_driver.o
 .rodata.__func__.6324
                0x0001509c       0x18 ./SDK/platform/drivers/src/gpio/fsl_gpio_driver.o
 .rodata.g_edmaBase
                0x000150b4        0x4 ./SDK/platform/drivers/src/edma/fsl_edma_common.o
                0x000150b4                g_edmaBase
 .rodata.g_dmamuxBase
                0x000150b8        0x4 ./SDK/platform/drivers/src/edma/fsl_edma_common.o
                0x000150b8                g_dmamuxBase
 .rodata.g_edmaIrqId
                0x000150bc       0x10 ./SDK/platform/drivers/src/edma/fsl_edma_common.o
                0x000150bc                g_edmaIrqId
 .rodata.g_edmaErrIrqId
                0x000150cc        0x4 ./SDK/platform/drivers/src/edma/fsl_edma_common.o
                0x000150cc                g_edmaErrIrqId
 .rodata.__func__.8597
                0x000150d0       0x14 ./SDK/platform/drivers/src/edma/fsl_edma_driver.o
 .rodata.__func__.6759
                0x000150e4       0x1c ./SDK/platform/drivers/src/edma/fsl_edma_driver.o
 .rodata.__func__.6747
                0x00015100       0x1c ./SDK/platform/drivers/src/edma/fsl_edma_driver.o
 .rodata.g_dspiBase
                0x0001511c        0xc ./SDK/platform/drivers/src/dspi/fsl_dspi_common.o
                0x0001511c                g_dspiBase
 .rodata.g_dspiIrqId
                0x00015128        0x4 ./SDK/platform/drivers/src/dspi/fsl_dspi_common.o
                0x00015128                g_dspiIrqId
 .rodata.__func__.8899
                0x0001512c       0x14 ./SDK/platform/drivers/src/dspi/fsl_dspi_edma_master_driver.o
 .rodata.__func__.8948
                0x00015140       0x20 ./SDK/platform/drivers/src/dspi/fsl_dspi_edma_master_driver.o
 .rodata.__func__.6947
                0x00015160       0x20 ./SDK/platform/drivers/src/dspi/fsl_dspi_edma_master_driver.o
 .rodata.__func__.6964
                0x00015180       0x24 ./SDK/platform/drivers/src/dspi/fsl_dspi_edma_master_driver.o
 .rodata.__func__.6976
                0x000151a4       0x34 ./SDK/platform/drivers/src/dspi/fsl_dspi_edma_master_driver.o
 .rodata.__func__.6970
                0x000151d8       0x24 ./SDK/platform/drivers/src/dspi/fsl_dspi_edma_master_driver.o
 .rodata.__func__.6899
                0x000151fc       0x18 ./SDK/platform/drivers/src/dspi/fsl_dspi_edma_master_driver.o
 .rodata.__func__.6905
                0x00015214       0x1c ./SDK/platform/drivers/src/dspi/fsl_dspi_edma_master_driver.o
 .rodata.__func__.6929
                0x00015230       0x20 ./SDK/platform/drivers/src/dspi/fsl_dspi_edma_master_driver.o
 .rodata.__func__.6935
                0x00015250       0x1c ./SDK/platform/drivers/src/dspi/fsl_dspi_edma_master_driver.o
 .rodata.__func__.6941
                0x0001526c       0x1c ./SDK/platform/drivers/src/dspi/fsl_dspi_edma_master_driver.o
 .rodata.__func__.6390
                0x00015288       0x18 ./SDK/platform/drivers/src/dspi/fsl_dspi_edma_shared_function.o
 .rodata.__func__.6844
                0x000152a0       0x18 ./SDK/platform/drivers/src/dspi/fsl_dspi_edma_slave_driver.o
 .rodata.__func__.8039
                0x000152b8       0x14 ./Generated_Code/Cpu.o
 .rodata.FLASH_SPI_BusConfig
                0x000152cc        0xc ./Generated_Code/FLASH_SPI.o
                0x000152cc                FLASH_SPI_BusConfig
 .rodata.FLASH_SPI_MasterConfig
                0x000152d8        0x8 ./Generated_Code/FLASH_SPI.o
                0x000152d8                FLASH_SPI_MasterConfig
 .rodata.OLED_cfg
                0x000152e0       0x30 ./Generated_Code/GPIO.o
                0x000152e0                OLED_cfg
 .rodata.FLASH_cfg
                0x00015310       0x18 ./Generated_Code/GPIO.o
                0x00015310                FLASH_cfg
 .rodata.PWR_cfg
                0x00015328       0x30 ./Generated_Code/GPIO.o
                0x00015328                PWR_cfg
 .rodata.OLED_SPI_BusConfig
                0x00015358        0xc ./Generated_Code/OLED_SPI.o
                0x00015358                OLED_SPI_BusConfig
 .rodata.OLED_SPI_MasterConfig
                0x00015364        0x8 ./Generated_Code/OLED_SPI.o
                0x00015364                OLED_SPI_MasterConfig
 .rodata.PWR_CFG_Run
                0x0001536c        0x4 ./Generated_Code/PWR_Manager.o
                0x0001536c                PWR_CFG_Run
 .rodata.PWR_CFG_Sleep
                0x00015370        0x4 ./Generated_Code/PWR_Manager.o
                0x00015370                PWR_CFG_Sleep
 .rodata.dmaController1_InitConfig0
                0x00015374        0x4 ./Generated_Code/dmaController1.o
                0x00015374                dmaController1_InitConfig0
 .rodata.__func__.9806
                0x00015378       0x10 ./Generated_Code/osa1.o
 .rodata.__func__.6221
                0x00015388       0x14 ./Generated_Code/pin_mux.o
 .rodata.str1.1
                0x0001539c       0x3c d:/marko/freescale/kds_3.0.0/toolchain/bin/../lib/gcc/arm-none-eabi/4.8.4/../../../../arm-none-eabi/lib/armv7e-m/fpu\libg_s.a(lib_a-assert.o)
                                 0x3d (size before relaxing)
 .rodata.str1.1
                0x000153d8        0x2 d:/marko/freescale/kds_3.0.0/toolchain/bin/../lib/gcc/arm-none-eabi/4.8.4/../../../../arm-none-eabi/lib/armv7e-m/fpu\libg_s.a(lib_a-impure.o)
 *fill*         0x000153da        0x2 
 .rodata._global_impure_ptr
                0x000153dc        0x4 d:/marko/freescale/kds_3.0.0/toolchain/bin/../lib/gcc/arm-none-eabi/4.8.4/../../../../arm-none-eabi/lib/armv7e-m/fpu\libg_s.a(lib_a-impure.o)
                0x000153dc                _global_impure_ptr
 .rodata.str1.1
                0x000153e0       0x11 d:/marko/freescale/kds_3.0.0/toolchain/bin/../lib/gcc/arm-none-eabi/4.8.4/../../../../arm-none-eabi/lib/armv7e-m/fpu\libg_s.a(lib_a-vfprintf.o)
 .rodata.str1.1
                0x000153f1       0x22 d:/marko/freescale/kds_3.0.0/toolchain/bin/../lib/gcc/arm-none-eabi/4.8.4/../../../../arm-none-eabi/lib/armv7e-m/fpu\libg_s.a(lib_a-vfprintf_i.o)
 *fill*         0x00015413        0x1 
 .rodata.__sf_fake_stdin
                0x00015414       0x20 d:/marko/freescale/kds_3.0.0/toolchain/bin/../lib/gcc/arm-none-eabi/4.8.4/../../../../arm-none-eabi/lib/armv7e-m/fpu\libg_s.a(lib_a-findfp.o)
                0x00015414                __sf_fake_stdin
 .rodata.__sf_fake_stdout
                0x00015434       0x20 d:/marko/freescale/kds_3.0.0/toolchain/bin/../lib/gcc/arm-none-eabi/4.8.4/../../../../arm-none-eabi/lib/armv7e-m/fpu\libg_s.a(lib_a-findfp.o)
                0x00015434                __sf_fake_stdout
 .rodata.__sf_fake_stderr
                0x00015454       0x20 d:/marko/freescale/kds_3.0.0/toolchain/bin/../lib/gcc/arm-none-eabi/4.8.4/../../../../arm-none-eabi/lib/armv7e-m/fpu\libg_s.a(lib_a-findfp.o)
                0x00015454                __sf_fake_stderr
 *(.glue_7)
 .glue_7        0x00000000        0x0 linker stubs
 *(.glue_7t)
 .glue_7t       0x00000000        0x0 linker stubs
 *(.eh_frame)
 .eh_frame      0x00015474        0x0 d:/marko/freescale/kds_3.0.0/toolchain/bin/../lib/gcc/arm-none-eabi/4.8.4/armv7e-m/fpu/crtbegin.o
 *(.init)
 .init          0x00015474        0x4 d:/marko/freescale/kds_3.0.0/toolchain/bin/../lib/gcc/arm-none-eabi/4.8.4/armv7e-m/fpu/crti.o
                0x00015474                _init
 .init          0x00015478        0x8 d:/marko/freescale/kds_3.0.0/toolchain/bin/../lib/gcc/arm-none-eabi/4.8.4/armv7e-m/fpu/crtn.o
 *(.fini)
 .fini          0x00015480        0x4 d:/marko/freescale/kds_3.0.0/toolchain/bin/../lib/gcc/arm-none-eabi/4.8.4/armv7e-m/fpu/crti.o
                0x00015480                _fini
 .fini          0x00015484        0x8 d:/marko/freescale/kds_3.0.0/toolchain/bin/../lib/gcc/arm-none-eabi/4.8.4/armv7e-m/fpu/crtn.o
                0x0001548c                . = ALIGN (0x4)

.vfp11_veneer   0x0001548c        0x0
 .vfp11_veneer  0x00000000        0x0 linker stubs

.v4_bx          0x0001548c        0x0
 .v4_bx         0x00000000        0x0 linker stubs

.iplt           0x0001548c        0x0
 .iplt          0x00000000        0x0 d:/marko/freescale/kds_3.0.0/toolchain/bin/../lib/gcc/arm-none-eabi/4.8.4/armv7e-m/fpu/crtbegin.o

.ARM.extab
 *(.ARM.extab* .gnu.linkonce.armextab.*)

.ARM            0x0001548c        0x8
                0x0001548c                __exidx_start = .
 *(.ARM.exidx*)
 .ARM.exidx     0x0001548c        0x8 d:/marko/freescale/kds_3.0.0/toolchain/bin/../lib/gcc/arm-none-eabi/4.8.4/../../../../arm-none-eabi/lib/armv7e-m/fpu/crt0.o
 .ARM.exidx     0x00015494        0x0 d:/marko/freescale/kds_3.0.0/toolchain/bin/../lib/gcc/arm-none-eabi/4.8.4/armv7e-m/fpu\libgcc.a(_divdi3.o)
                                  0x8 (size before relaxing)
 .ARM.exidx     0x00015494        0x0 d:/marko/freescale/kds_3.0.0/toolchain/bin/../lib/gcc/arm-none-eabi/4.8.4/armv7e-m/fpu\libgcc.a(_udivdi3.o)
                                  0x8 (size before relaxing)
                0x00015494                __exidx_end = .

.rel.dyn        0x00015494        0x0
 .rel.iplt      0x00000000        0x0 d:/marko/freescale/kds_3.0.0/toolchain/bin/../lib/gcc/arm-none-eabi/4.8.4/armv7e-m/fpu/crtbegin.o

.ctors          0x00015494        0x0
                0x00015494                __CTOR_LIST__ = .
 *crtbegin.o(.ctors)
 *crtbegin?.o(.ctors)
 *(EXCLUDE_FILE(*crtend.o *crtend?.o) .ctors)
 *(SORT(.ctors.*))
 *(.ctors)
                0x00015494                __CTOR_END__ = .

.dtors          0x00015494        0x0
                0x00015494                __DTOR_LIST__ = .
 *crtbegin.o(.dtors)
 *crtbegin?.o(.dtors)
 *(EXCLUDE_FILE(*crtend.o *crtend?.o) .dtors)
 *(SORT(.dtors.*))
 *(.dtors)
                0x00015494                __DTOR_END__ = .

.preinit_array  0x00015494        0x0
                0x00015494                PROVIDE (__preinit_array_start, .)
 *(.preinit_array*)
                0x00015494                PROVIDE (__preinit_array_end, .)

.init_array     0x00015494        0x4
                0x00015494                PROVIDE (__init_array_start, .)
 *(SORT(.init_array.*))
 *(.init_array*)
 .init_array    0x00015494        0x4 d:/marko/freescale/kds_3.0.0/toolchain/bin/../lib/gcc/arm-none-eabi/4.8.4/armv7e-m/fpu/crtbegin.o
                0x00015498                PROVIDE (__init_array_end, .)

.fini_array     0x00015498        0x4
                0x00015498                PROVIDE (__fini_array_start, .)
 *(SORT(.fini_array.*))
 *(.fini_array*)
 .fini_array    0x00015498        0x4 d:/marko/freescale/kds_3.0.0/toolchain/bin/../lib/gcc/arm-none-eabi/4.8.4/armv7e-m/fpu/crtbegin.o
                0x0001549c                PROVIDE (__fini_array_end, .)
                0x0001549c                __etext = .
                0x0001549c                __DATA_ROM = .

.data           0x1fff0400       0xfc load address 0x0001549c
                0x1fff0400                . = ALIGN (0x4)
                0x1fff0400                __DATA_RAM = .
                0x1fff0400                __data_start__ = .
 *(.data)
 *(.data*)
 .data.oledModule
                0x1fff0400       0x74 ./drivers/OLED/src/OLED_defs.o
                0x1fff0400                oledModule
 .data.oledSettings
                0x1fff0474       0x10 ./drivers/OLED/src/OLED_defs.o
                0x1fff0474                oledSettings
 .data.g_fastInternalRefClkFreq
                0x1fff0484        0x4 ./SDK/platform/hal/src/mcg/fsl_mcg_hal.o
                0x1fff0484                g_fastInternalRefClkFreq
 .data.g_slowInternalRefClkFreq
                0x1fff0488        0x4 ./SDK/platform/hal/src/mcg/fsl_mcg_hal.o
                0x1fff0488                g_slowInternalRefClkFreq
 .data.powerConfigsArr
                0x1fff048c        0x8 ./Generated_Code/PWR_Manager.o
                0x1fff048c                powerConfigsArr
 .data.impure_data
                0x1fff0494       0x60 d:/marko/freescale/kds_3.0.0/toolchain/bin/../lib/gcc/arm-none-eabi/4.8.4/../../../../arm-none-eabi/lib/armv7e-m/fpu\libg_s.a(lib_a-impure.o)
 .data._impure_ptr
                0x1fff04f4        0x4 d:/marko/freescale/kds_3.0.0/toolchain/bin/../lib/gcc/arm-none-eabi/4.8.4/../../../../arm-none-eabi/lib/armv7e-m/fpu\libg_s.a(lib_a-impure.o)
                0x1fff04f4                _impure_ptr
 *(.jcr*)
 .jcr           0x1fff04f8        0x0 d:/marko/freescale/kds_3.0.0/toolchain/bin/../lib/gcc/arm-none-eabi/4.8.4/armv7e-m/fpu/crtbegin.o
 .jcr           0x1fff04f8        0x4 d:/marko/freescale/kds_3.0.0/toolchain/bin/../lib/gcc/arm-none-eabi/4.8.4/armv7e-m/fpu/crtend.o
                0x1fff04fc                . = ALIGN (0x4)
                0x1fff04fc                __data_end__ = .
                0x00015598                __DATA_END = (__DATA_ROM + (__data_end__ - __data_start__))
                0x00015598                __m_interrupts_ram_ROMStart = (__DATA_ROM + SIZEOF (.data))

.igot.plt       0x1fff04fc        0x0 load address 0x00015598
 .igot.plt      0x00000000        0x0 d:/marko/freescale/kds_3.0.0/toolchain/bin/../lib/gcc/arm-none-eabi/4.8.4/armv7e-m/fpu/crtbegin.o

.m_interrupts_ram
                0x1fff0000      0x400 load address 0x00015598
                0x1fff0000                . = ALIGN (0x4)
                0x1fff0000                __m_interrupts_ram_RAMStart = .
 *(.m_interrupts_ram)
                0x1fff0400                . = (. + 0x400)
 *fill*         0x1fff0000      0x400 
                0x1fff0400                __m_interrupts_ram_RAMEnd = .
                0x1fff0400                . = ALIGN (0x4)
                0x00000400                __m_interrupts_ram_ROMSize = (__m_interrupts_ram_RAMEnd - __m_interrupts_ram_RAMStart)
                0x00000400                __RAM_VECTOR_TABLE_SIZE_BYTES = (__m_interrupts_ram_RAMEnd - __m_interrupts_ram_RAMStart)
                0x00015998                __m_data_2_ROMStart = (__m_interrupts_ram_ROMStart + SIZEOF (.m_interrupts_ram))

.m_data_2       0x20000000        0x0 load address 0x00015998
                0x20000000                . = ALIGN (0x4)
                0x20000000                __m_data_2_RAMStart = .
 *(.m_data_2)
                0x20000000                __m_data_2_RAMEnd = .
                0x20000000                . = ALIGN (0x4)
                0x00000000                __m_data_2_ROMSize = (__m_data_2_RAMEnd - __m_data_2_RAMStart)

.bss            0x1fff0500     0x92a4 load address 0x000155a0
                0x1fff0500                . = ALIGN (0x4)
                0x1fff0500                __START_BSS = .
                0x1fff0500                __bss_start__ = .
 *(.bss)
 .bss           0x1fff0500       0x1c d:/marko/freescale/kds_3.0.0/toolchain/bin/../lib/gcc/arm-none-eabi/4.8.4/armv7e-m/fpu/crtbegin.o
 *(.bss*)
 .bss.spiNum_ON
                0x1fff051c        0x4 ./drivers/SPI/src/generic_spi_driver.o
 .bss.self      0x1fff0520       0x74 ./drivers/OLED/src/OLED_driver.o
 .bss.settings  0x1fff0594       0x10 ./drivers/OLED/src/OLED_driver.o
 .bss.transImage
                0x1fff05a4     0x4800 ./drivers/OLED/src/OLED_driver.o
 .bss.gPowerManagerState
                0x1fff4da4       0x10 ./SDK/platform/system/src/power/fsl_power_manager.o
 .bss.g_interruptDisableCount
                0x1fff4db4        0x4 ./SDK/platform/system/src/interrupt/fsl_interrupt_manager.o
                0x1fff4db4                g_interruptDisableCount
 .bss.g_taskControlBlockPool
                0x1fff4db8       0x50 ./SDK/platform/osa/src/fsl_os_abstraction_bm.o
 .bss.g_freeTaskControlBlock
                0x1fff4e08        0x4 ./SDK/platform/osa/src/fsl_os_abstraction_bm.o
 .bss.g_taskListHead
                0x1fff4e0c       0x10 ./SDK/platform/osa/src/fsl_os_abstraction_bm.o
 .bss.g_edma    0x1fff4e1c        0x4 ./SDK/platform/drivers/src/edma/fsl_edma_driver.o
                0x1fff4e1c                g_edma
 .bss.g_dspiStatePtr
                0x1fff4e20        0xc ./SDK/platform/drivers/src/dspi/fsl_dspi_common.o
                0x1fff4e20                g_dspiStatePtr
 .bss.s_cmdData
                0x1fff4e2c        0x4 ./SDK/platform/drivers/src/dspi/fsl_dspi_edma_master_driver.o
 .bss.s_lastCmdData
                0x1fff4e30        0x4 ./SDK/platform/drivers/src/dspi/fsl_dspi_edma_master_driver.o
 .bss.s_wordToSend
                0x1fff4e34        0x2 ./SDK/platform/drivers/src/dspi/fsl_dspi_edma_master_driver.o
 .bss.s_rxBuffIfNull
                0x1fff4e36        0x1 ./SDK/platform/drivers/src/dspi/fsl_dspi_edma_master_driver.o
 *fill*         0x1fff4e37        0x1 
 .bss.FLASH_SPI_calculatedBaudRate
                0x1fff4e38        0x4 ./Generated_Code/FLASH_SPI.o
                0x1fff4e38                FLASH_SPI_calculatedBaudRate
 .bss.OLED_SPI_calculatedBaudRate
                0x1fff4e3c        0x4 ./Generated_Code/OLED_SPI.o
                0x1fff4e3c                OLED_SPI_calculatedBaudRate
 .bss.SwTimerIsrCounter
                0x1fff4e40        0x2 ./Generated_Code/osa1.o
 *fill*         0x1fff4e42        0x2 
 .bss.__malloc_sbrk_start
                0x1fff4e44        0x4 d:/marko/freescale/kds_3.0.0/toolchain/bin/../lib/gcc/arm-none-eabi/4.8.4/../../../../arm-none-eabi/lib/armv7e-m/fpu\libg_s.a(lib_a-nano-mallocr.o)
                0x1fff4e44                __malloc_sbrk_start
 .bss.__malloc_free_list
                0x1fff4e48        0x4 d:/marko/freescale/kds_3.0.0/toolchain/bin/../lib/gcc/arm-none-eabi/4.8.4/../../../../arm-none-eabi/lib/armv7e-m/fpu\libg_s.a(lib_a-nano-mallocr.o)
                0x1fff4e48                __malloc_free_list
 .bss.heap_end.4246
                0x1fff4e4c        0x4 d:/marko/freescale/kds_3.0.0/toolchain/bin/../lib/gcc/arm-none-eabi/4.8.4/../../../../arm-none-eabi/lib/armv7e-m/fpu\libnosys.a(sbrk.o)
 *(COMMON)
 COMMON         0x1fff4e50     0x4804 ./menu/src/menu_driver.o
                0x1fff4e50                menuDriver_screen
 COMMON         0x1fff9654        0x8 ./SDK/platform/hal/src/mcg/fsl_mcg_hal.o
                0x1fff9654                g_xtal0ClkFreq
                0x1fff9658                g_xtalRtcClkFreq
 *fill*         0x1fff965c        0x4 
 COMMON         0x1fff9660       0x80 ./Generated_Code/FLASH_SPI.o
                0x1fff9660                FLASH_SPI_MasterState
                0x1fff96c0                FLASH_SPI_dmaTcd
 COMMON         0x1fff96e0       0x80 ./Generated_Code/OLED_SPI.o
                0x1fff96e0                OLED_SPI_dmaTcd
                0x1fff9700                OLED_SPI_MasterState
 COMMON         0x1fff9760       0x40 ./Generated_Code/dmaController1.o
                0x1fff9760                dmaController1_State
 COMMON         0x1fff97a0        0x4 d:/marko/freescale/kds_3.0.0/toolchain/bin/../lib/gcc/arm-none-eabi/4.8.4/../../../../arm-none-eabi/lib/armv7e-m/fpu\libg_s.a(lib_a-reent.o)
                0x1fff97a0                errno
                0x1fff97a4                . = ALIGN (0x4)
                0x1fff97a4                __bss_end__ = .
                0x1fff97a4                __END_BSS = .

.heap           0x20000000        0x0
                0x20000000                . = ALIGN (0x8)
                0x20000000                __end__ = .
                0x20000000                PROVIDE (end, .)
                0x20000000                __HeapBase = .
                0x20000000                . = (. + HEAP_SIZE)
                0x20000000                __HeapLimit = .

.stack          0x20000000      0x400
                0x20000000                . = ALIGN (0x8)
                0x20000400                . = (. + STACK_SIZE)
 *fill*         0x20000000      0x400 
                0x20030000                __StackTop = (ORIGIN (m_data_2) + 0x30000)
                0x2002fc00                __StackLimit = (__StackTop - STACK_SIZE)
                0x20030000                PROVIDE (__stack, __StackTop)

.ARM.attributes
                0x00000000       0x30
 *(.ARM.attributes)
 .ARM.attributes
                0x00000000       0x22 d:/marko/freescale/kds_3.0.0/toolchain/bin/../lib/gcc/arm-none-eabi/4.8.4/armv7e-m/fpu/crti.o
 .ARM.attributes
                0x00000022       0x34 d:/marko/freescale/kds_3.0.0/toolchain/bin/../lib/gcc/arm-none-eabi/4.8.4/armv7e-m/fpu/crtbegin.o
 .ARM.attributes
                0x00000056       0x20 d:/marko/freescale/kds_3.0.0/toolchain/bin/../lib/gcc/arm-none-eabi/4.8.4/../../../../arm-none-eabi/lib/armv7e-m/fpu/crt0.o
 .ARM.attributes
                0x00000076       0x39 ./menu/src/menu_driver.o
 .ARM.attributes
                0x000000af       0x39 ./menu/src/menu_resources.o
 .ARM.attributes
                0x000000e8       0x39 ./menu/src/menu_screens.o
 .ARM.attributes
                0x00000121       0x39 ./exceptions/src/error.o
 .ARM.attributes
                0x0000015a       0x39 ./drivers/SPI/src/generic_spi_driver.o
 .ARM.attributes
                0x00000193       0x39 ./drivers/OLED/src/OLED_defs.o
 .ARM.attributes
                0x000001cc       0x39 ./drivers/OLED/src/OLED_driver.o
 .ARM.attributes
                0x00000205       0x39 ./Static_Code/System/PE_low_level_init.o
 .ARM.attributes
                0x0000023e       0x39 ./Sources/Events.o
 .ARM.attributes
                0x00000277       0x39 ./Sources/main.o
 .ARM.attributes
                0x000002b0       0x39 ./SDK/platform/system/src/power/fsl_power_manager.o
 .ARM.attributes
                0x000002e9       0x39 ./SDK/platform/system/src/interrupt/fsl_interrupt_manager.o
 .ARM.attributes
                0x00000322       0x39 ./SDK/platform/system/src/clock/MK64F12/fsl_clock_MK64F12.o
 .ARM.attributes
                0x0000035b       0x39 ./SDK/platform/osa/src/fsl_os_abstraction_bm.o
 .ARM.attributes
                0x00000394       0x39 ./SDK/platform/hal/src/mcg/fsl_mcg_hal.o
 .ARM.attributes
                0x000003cd       0x39 ./SDK/platform/hal/src/gpio/fsl_gpio_hal.o
 .ARM.attributes
                0x00000406       0x39 ./SDK/platform/hal/src/edma/fsl_edma_hal.o
 .ARM.attributes
                0x0000043f       0x39 ./SDK/platform/hal/src/dspi/fsl_dspi_hal.o
 .ARM.attributes
                0x00000478       0x39 ./SDK/platform/hal/src/dmamux/fsl_dmamux_hal.o
 .ARM.attributes
                0x000004b1       0x39 ./SDK/platform/drivers/src/gpio/fsl_gpio_common.o
 .ARM.attributes
                0x000004ea       0x39 ./SDK/platform/drivers/src/gpio/fsl_gpio_driver.o
 .ARM.attributes
                0x00000523       0x39 ./SDK/platform/drivers/src/edma/fsl_edma_common.o
 .ARM.attributes
                0x0000055c       0x39 ./SDK/platform/drivers/src/edma/fsl_edma_driver.o
 .ARM.attributes
                0x00000595       0x39 ./SDK/platform/drivers/src/dspi/fsl_dspi_common.o
 .ARM.attributes
                0x000005ce       0x39 ./SDK/platform/drivers/src/dspi/fsl_dspi_edma_master_driver.o
 .ARM.attributes
                0x00000607       0x39 ./SDK/platform/drivers/src/dspi/fsl_dspi_edma_shared_function.o
 .ARM.attributes
                0x00000640       0x39 ./SDK/platform/drivers/src/dspi/fsl_dspi_edma_slave_driver.o
 .ARM.attributes
                0x00000679       0x1f ./SDK/platform/devices/MK64F12/startup/gcc/startup_MK64F12.o
 .ARM.attributes
                0x00000698       0x39 ./SDK/platform/devices/MK64F12/startup/system_MK64F12.o
 .ARM.attributes
                0x000006d1       0x39 ./SDK/platform/devices/startup.o
 .ARM.attributes
                0x0000070a       0x39 ./Generated_Code/Cpu.o
 .ARM.attributes
                0x00000743       0x39 ./Generated_Code/FLASH_SPI.o
 .ARM.attributes
                0x0000077c       0x39 ./Generated_Code/GPIO.o
 .ARM.attributes
                0x000007b5       0x39 ./Generated_Code/OLED_SPI.o
 .ARM.attributes
                0x000007ee       0x39 ./Generated_Code/PWR_Manager.o
 .ARM.attributes
                0x00000827       0x39 ./Generated_Code/dmaController1.o
 .ARM.attributes
                0x00000860       0x39 ./Generated_Code/hardware_init.o
 .ARM.attributes
                0x00000899       0x39 ./Generated_Code/osa1.o
 .ARM.attributes
                0x000008d2       0x39 ./Generated_Code/pin_mux.o
 .ARM.attributes
                0x0000090b       0x22 d:/marko/freescale/kds_3.0.0/toolchain/bin/../lib/gcc/arm-none-eabi/4.8.4/armv7e-m/fpu\libgcc.a(_aeabi_uldivmod.o)
 .ARM.attributes
                0x0000092d       0x34 d:/marko/freescale/kds_3.0.0/toolchain/bin/../lib/gcc/arm-none-eabi/4.8.4/armv7e-m/fpu\libgcc.a(bpabi.o)
 .ARM.attributes
                0x00000961       0x22 d:/marko/freescale/kds_3.0.0/toolchain/bin/../lib/gcc/arm-none-eabi/4.8.4/armv7e-m/fpu\libgcc.a(_dvmd_tls.o)
 .ARM.attributes
                0x00000983       0x34 d:/marko/freescale/kds_3.0.0/toolchain/bin/../lib/gcc/arm-none-eabi/4.8.4/armv7e-m/fpu\libgcc.a(_divdi3.o)
 .ARM.attributes
                0x000009b7       0x34 d:/marko/freescale/kds_3.0.0/toolchain/bin/../lib/gcc/arm-none-eabi/4.8.4/armv7e-m/fpu\libgcc.a(_udivdi3.o)
 .ARM.attributes
                0x000009eb       0x34 d:/marko/freescale/kds_3.0.0/toolchain/bin/../lib/gcc/arm-none-eabi/4.8.4/../../../../arm-none-eabi/lib/armv7e-m/fpu\libg_s.a(lib_a-assert.o)
 .ARM.attributes
                0x00000a1f       0x34 d:/marko/freescale/kds_3.0.0/toolchain/bin/../lib/gcc/arm-none-eabi/4.8.4/../../../../arm-none-eabi/lib/armv7e-m/fpu\libg_s.a(lib_a-exit.o)
 .ARM.attributes
                0x00000a53       0x34 d:/marko/freescale/kds_3.0.0/toolchain/bin/../lib/gcc/arm-none-eabi/4.8.4/../../../../arm-none-eabi/lib/armv7e-m/fpu\libg_s.a(lib_a-fprintf.o)
 .ARM.attributes
                0x00000a87       0x34 d:/marko/freescale/kds_3.0.0/toolchain/bin/../lib/gcc/arm-none-eabi/4.8.4/../../../../arm-none-eabi/lib/armv7e-m/fpu\libg_s.a(lib_a-impure.o)
 .ARM.attributes
                0x00000abb       0x34 d:/marko/freescale/kds_3.0.0/toolchain/bin/../lib/gcc/arm-none-eabi/4.8.4/../../../../arm-none-eabi/lib/armv7e-m/fpu\libg_s.a(lib_a-init.o)
 .ARM.attributes
                0x00000aef       0x34 d:/marko/freescale/kds_3.0.0/toolchain/bin/../lib/gcc/arm-none-eabi/4.8.4/../../../../arm-none-eabi/lib/armv7e-m/fpu\libg_s.a(lib_a-memcpy-stub.o)
 .ARM.attributes
                0x00000b23       0x34 d:/marko/freescale/kds_3.0.0/toolchain/bin/../lib/gcc/arm-none-eabi/4.8.4/../../../../arm-none-eabi/lib/armv7e-m/fpu\libg_s.a(lib_a-memset.o)
 .ARM.attributes
                0x00000b57       0x34 d:/marko/freescale/kds_3.0.0/toolchain/bin/../lib/gcc/arm-none-eabi/4.8.4/../../../../arm-none-eabi/lib/armv7e-m/fpu\libg_s.a(lib_a-nano-freer.o)
 .ARM.attributes
                0x00000b8b       0x34 d:/marko/freescale/kds_3.0.0/toolchain/bin/../lib/gcc/arm-none-eabi/4.8.4/../../../../arm-none-eabi/lib/armv7e-m/fpu\libg_s.a(lib_a-nano-mallocr.o)
 .ARM.attributes
                0x00000bbf       0x34 d:/marko/freescale/kds_3.0.0/toolchain/bin/../lib/gcc/arm-none-eabi/4.8.4/../../../../arm-none-eabi/lib/armv7e-m/fpu\libg_s.a(lib_a-sbrkr.o)
 .ARM.attributes
                0x00000bf3       0x34 d:/marko/freescale/kds_3.0.0/toolchain/bin/../lib/gcc/arm-none-eabi/4.8.4/../../../../arm-none-eabi/lib/armv7e-m/fpu\libg_s.a(lib_a-vfprintf.o)
 .ARM.attributes
                0x00000c27       0x34 d:/marko/freescale/kds_3.0.0/toolchain/bin/../lib/gcc/arm-none-eabi/4.8.4/../../../../arm-none-eabi/lib/armv7e-m/fpu\libg_s.a(lib_a-vfprintf_i.o)
 .ARM.attributes
                0x00000c5b       0x34 d:/marko/freescale/kds_3.0.0/toolchain/bin/../lib/gcc/arm-none-eabi/4.8.4/../../../../arm-none-eabi/lib/armv7e-m/fpu\libg_s.a(lib_a-wbuf.o)
 .ARM.attributes
                0x00000c8f       0x34 d:/marko/freescale/kds_3.0.0/toolchain/bin/../lib/gcc/arm-none-eabi/4.8.4/../../../../arm-none-eabi/lib/armv7e-m/fpu\libg_s.a(lib_a-wsetup.o)
 .ARM.attributes
                0x00000cc3       0x34 d:/marko/freescale/kds_3.0.0/toolchain/bin/../lib/gcc/arm-none-eabi/4.8.4/../../../../arm-none-eabi/lib/armv7e-m/fpu\libg_s.a(lib_a-abort.o)
 .ARM.attributes
                0x00000cf7       0x34 d:/marko/freescale/kds_3.0.0/toolchain/bin/../lib/gcc/arm-none-eabi/4.8.4/../../../../arm-none-eabi/lib/armv7e-m/fpu\libg_s.a(lib_a-fflush.o)
 .ARM.attributes
                0x00000d2b       0x34 d:/marko/freescale/kds_3.0.0/toolchain/bin/../lib/gcc/arm-none-eabi/4.8.4/../../../../arm-none-eabi/lib/armv7e-m/fpu\libg_s.a(lib_a-findfp.o)
 .ARM.attributes
                0x00000d5f       0x34 d:/marko/freescale/kds_3.0.0/toolchain/bin/../lib/gcc/arm-none-eabi/4.8.4/../../../../arm-none-eabi/lib/armv7e-m/fpu\libg_s.a(lib_a-makebuf.o)
 .ARM.attributes
                0x00000d93       0x34 d:/marko/freescale/kds_3.0.0/toolchain/bin/../lib/gcc/arm-none-eabi/4.8.4/../../../../arm-none-eabi/lib/armv7e-m/fpu\libg_s.a(lib_a-memchr-stub.o)
 .ARM.attributes
                0x00000dc7       0x34 d:/marko/freescale/kds_3.0.0/toolchain/bin/../lib/gcc/arm-none-eabi/4.8.4/../../../../arm-none-eabi/lib/armv7e-m/fpu\libg_s.a(lib_a-reent.o)
 .ARM.attributes
                0x00000dfb       0x34 d:/marko/freescale/kds_3.0.0/toolchain/bin/../lib/gcc/arm-none-eabi/4.8.4/../../../../arm-none-eabi/lib/armv7e-m/fpu\libg_s.a(lib_a-signal.o)
 .ARM.attributes
                0x00000e2f       0x34 d:/marko/freescale/kds_3.0.0/toolchain/bin/../lib/gcc/arm-none-eabi/4.8.4/../../../../arm-none-eabi/lib/armv7e-m/fpu\libg_s.a(lib_a-signalr.o)
 .ARM.attributes
                0x00000e63       0x34 d:/marko/freescale/kds_3.0.0/toolchain/bin/../lib/gcc/arm-none-eabi/4.8.4/../../../../arm-none-eabi/lib/armv7e-m/fpu\libg_s.a(lib_a-stdio.o)
 .ARM.attributes
                0x00000e97       0x34 d:/marko/freescale/kds_3.0.0/toolchain/bin/../lib/gcc/arm-none-eabi/4.8.4/../../../../arm-none-eabi/lib/armv7e-m/fpu\libg_s.a(lib_a-strlen.o)
 .ARM.attributes
                0x00000ecb       0x34 d:/marko/freescale/kds_3.0.0/toolchain/bin/../lib/gcc/arm-none-eabi/4.8.4/../../../../arm-none-eabi/lib/armv7e-m/fpu\libg_s.a(lib_a-writer.o)
 .ARM.attributes
                0x00000eff       0x34 d:/marko/freescale/kds_3.0.0/toolchain/bin/../lib/gcc/arm-none-eabi/4.8.4/../../../../arm-none-eabi/lib/armv7e-m/fpu\libg_s.a(lib_a-closer.o)
 .ARM.attributes
                0x00000f33       0x34 d:/marko/freescale/kds_3.0.0/toolchain/bin/../lib/gcc/arm-none-eabi/4.8.4/../../../../arm-none-eabi/lib/armv7e-m/fpu\libg_s.a(lib_a-fstatr.o)
 .ARM.attributes
                0x00000f67       0x34 d:/marko/freescale/kds_3.0.0/toolchain/bin/../lib/gcc/arm-none-eabi/4.8.4/../../../../arm-none-eabi/lib/armv7e-m/fpu\libg_s.a(lib_a-isattyr.o)
 .ARM.attributes
                0x00000f9b       0x34 d:/marko/freescale/kds_3.0.0/toolchain/bin/../lib/gcc/arm-none-eabi/4.8.4/../../../../arm-none-eabi/lib/armv7e-m/fpu\libg_s.a(lib_a-lseekr.o)
 .ARM.attributes
                0x00000fcf       0x34 d:/marko/freescale/kds_3.0.0/toolchain/bin/../lib/gcc/arm-none-eabi/4.8.4/../../../../arm-none-eabi/lib/armv7e-m/fpu\libg_s.a(lib_a-readr.o)
 .ARM.attributes
                0x00001003       0x34 d:/marko/freescale/kds_3.0.0/toolchain/bin/../lib/gcc/arm-none-eabi/4.8.4/../../../../arm-none-eabi/lib/armv7e-m/fpu\libnosys.a(close.o)
 .ARM.attributes
                0x00001037       0x34 d:/marko/freescale/kds_3.0.0/toolchain/bin/../lib/gcc/arm-none-eabi/4.8.4/../../../../arm-none-eabi/lib/armv7e-m/fpu\libnosys.a(fstat.o)
 .ARM.attributes
                0x0000106b       0x34 d:/marko/freescale/kds_3.0.0/toolchain/bin/../lib/gcc/arm-none-eabi/4.8.4/../../../../arm-none-eabi/lib/armv7e-m/fpu\libnosys.a(getpid.o)
 .ARM.attributes
                0x0000109f       0x34 d:/marko/freescale/kds_3.0.0/toolchain/bin/../lib/gcc/arm-none-eabi/4.8.4/../../../../arm-none-eabi/lib/armv7e-m/fpu\libnosys.a(isatty.o)
 .ARM.attributes
                0x000010d3       0x34 d:/marko/freescale/kds_3.0.0/toolchain/bin/../lib/gcc/arm-none-eabi/4.8.4/../../../../arm-none-eabi/lib/armv7e-m/fpu\libnosys.a(kill.o)
 .ARM.attributes
                0x00001107       0x34 d:/marko/freescale/kds_3.0.0/toolchain/bin/../lib/gcc/arm-none-eabi/4.8.4/../../../../arm-none-eabi/lib/armv7e-m/fpu\libnosys.a(lseek.o)
 .ARM.attributes
                0x0000113b       0x34 d:/marko/freescale/kds_3.0.0/toolchain/bin/../lib/gcc/arm-none-eabi/4.8.4/../../../../arm-none-eabi/lib/armv7e-m/fpu\libnosys.a(read.o)
 .ARM.attributes
                0x0000116f       0x34 d:/marko/freescale/kds_3.0.0/toolchain/bin/../lib/gcc/arm-none-eabi/4.8.4/../../../../arm-none-eabi/lib/armv7e-m/fpu\libnosys.a(sbrk.o)
 .ARM.attributes
                0x000011a3       0x34 d:/marko/freescale/kds_3.0.0/toolchain/bin/../lib/gcc/arm-none-eabi/4.8.4/../../../../arm-none-eabi/lib/armv7e-m/fpu\libnosys.a(write.o)
 .ARM.attributes
                0x000011d7       0x34 d:/marko/freescale/kds_3.0.0/toolchain/bin/../lib/gcc/arm-none-eabi/4.8.4/../../../../arm-none-eabi/lib/armv7e-m/fpu\libnosys.a(_exit.o)
 .ARM.attributes
                0x0000120b       0x34 d:/marko/freescale/kds_3.0.0/toolchain/bin/../lib/gcc/arm-none-eabi/4.8.4/armv7e-m/fpu/crtend.o
 .ARM.attributes
                0x0000123f       0x22 d:/marko/freescale/kds_3.0.0/toolchain/bin/../lib/gcc/arm-none-eabi/4.8.4/armv7e-m/fpu/crtn.o
OUTPUT(OLED_bm.elf elf32-littlearm)

.debug_info     0x00000000    0x1a30b
 .debug_info    0x00000000      0xd5a ./menu/src/menu_driver.o
 .debug_info    0x00000d5a       0xda ./menu/src/menu_resources.o
 .debug_info    0x00000e34      0x1ce ./menu/src/menu_screens.o
 .debug_info    0x00001002       0xa6 ./exceptions/src/error.o
 .debug_info    0x000010a8      0xb27 ./drivers/SPI/src/generic_spi_driver.o
 .debug_info    0x00001bcf      0xa94 ./drivers/OLED/src/OLED_defs.o
 .debug_info    0x00002663     0x1120 ./drivers/OLED/src/OLED_driver.o
 .debug_info    0x00003783      0x56d ./Static_Code/System/PE_low_level_init.o
 .debug_info    0x00003cf0      0x57e ./Sources/Events.o
 .debug_info    0x0000426e      0x68e ./Sources/main.o
 .debug_info    0x000048fc     0x13b0 ./SDK/platform/system/src/power/fsl_power_manager.o
 .debug_info    0x00005cac      0x42a ./SDK/platform/system/src/interrupt/fsl_interrupt_manager.o
 .debug_info    0x000060d6     0x1a0e ./SDK/platform/system/src/clock/MK64F12/fsl_clock_MK64F12.o